CEA frozen: chamber T=1058.00 K rho=3.7587 cp=1.1899 gamma=1.3163
CEA frozen: throat Pc/P*=1.8499 T*=910.82 rho*=2.3601 a*=588.0 gamma*=1.3277
CEA frozen exit (Ae/At=14.436): M=4.190 P=5223 Pa T=252.49 K rho=0.07236 u=1328.6 a=317.1
forge res_12000.h5: axis nodes 365, x∈[-1.369,5.032] m, P∈[5188,1135268], T∈[251.9,1057.6], M_max=4.1959
forge axis total enthalpy h0: mean 836229.6 J/kg, spread (max-min)/|mean| = 1.24e-04, rel std 2.77e-05
forge R=P/(rho T): 285.911 ± 0.000  (CEA MW 29.081 → R=285.907; design R=285.911)

  Pc/P     x[m]   M_cea  M_forge  dM%    T_cea  T_forge  dT%    rho_cea rho_forge drho%   u_cea  u_forge  du%    a_cea  a_forge  da%
   1.050  -0.350  0.273  0.2728 -0.061  1045.66 1045.66 -0.000   3.6220   3.6220  0.001   171.3   171.2 -0.054   627.5  627.5  0.003
   1.100  -0.252  0.382  0.3825  0.129  1034.00 1033.99 -0.001   3.4964   3.4964 -0.000   238.8   238.8 -0.020   624.2  624.2  0.001
   1.200  -0.159  0.532  0.5315 -0.091  1012.48 1012.47 -0.001   3.2731   3.2732  0.003   328.5   328.5 -0.001   618.0  618.0  0.007
   1.300  -0.106  0.640  0.6404  0.063   993.01  993.00 -0.001   3.0806   3.0807  0.002   392.2   392.2 -0.003   612.4  612.4  0.002
   1.400  -0.068  0.728  0.7282  0.026   975.26  975.25 -0.001   2.9126   2.9127  0.003   442.2   442.2 -0.006   607.2  607.2  0.005
   1.500  -0.038  0.802  0.8025  0.057   958.97  958.96 -0.002   2.7646   2.7647  0.003   483.4   483.4  0.004   602.4  602.4  0.005
   1.600  -0.013  0.867  0.8671  0.006   943.93  943.92 -0.001   2.6331   2.6332  0.005   518.4   518.5  0.011   598.0  598.0 -0.006
   1.700   0.008  0.924  0.9244  0.044   929.98  929.97 -0.001   2.5154   2.5155  0.005   548.9   548.9 -0.002   593.8  593.8 -0.003
   1.850   0.035  1.000  1.0000  0.004   910.82  910.81 -0.001   2.3601   2.3603  0.009   588.0   588.0  0.002   588.0  588.0 -0.001
   1.850   0.035  1.000  1.0001  0.008   910.81  910.80 -0.001   2.3601   2.3602  0.005   588.0   588.0  0.006   588.0  588.0 -0.001
   2.000   0.057  1.066  1.0663  0.024   893.42  893.41 -0.001   2.2256   2.2257  0.005   621.3   621.3 -0.002   582.7  582.7 -0.003
   2.250   0.089  1.161  1.1611  0.011   867.67  867.66 -0.001   2.0370   2.0370  0.002   667.3   667.3  0.005   574.7  574.7  0.004
   2.500   0.115  1.242  1.2418 -0.019   845.16  845.15 -0.001   1.8821   1.8823  0.010   704.9   704.9 -0.000   567.7  567.7 -0.006
   3.000   0.158  1.374  1.3744  0.026   807.32  807.32  0.000   1.6419   1.6420  0.006   763.5   763.6  0.009   555.6  555.6 -0.003
   3.500   0.192  1.481  1.4812  0.012   776.43  776.44  0.001   1.4634   1.4635  0.006   808.0   808.0 -0.004   545.5  545.5 -0.001
   4.000   0.222  1.571  1.5708 -0.013   750.47  750.48  0.001   1.3248   1.3249  0.010   843.3   843.3 -0.005   536.8  536.9  0.009
   5.000   0.269  1.716  1.7160  0.002   708.67  708.69  0.003   1.1223   1.1225  0.014   896.7   896.8  0.006   522.6  522.6 -0.003
   6.000   0.307  1.832  1.8317 -0.019   675.97  676.00  0.004   0.9805   0.9807  0.018   936.1   936.1  0.003   511.1  511.1 -0.001
   7.000   0.338  1.928  1.9279 -0.004   649.32  649.35  0.004   0.8749   0.8751  0.019   966.8   966.8  0.002   501.5  501.5 -0.000
   8.000   0.365  2.010  2.0105  0.027   626.95  626.99  0.006   0.7929   0.7931  0.025   991.7   991.7 -0.000   493.3  493.3 -0.007
  10.000   0.410  2.148  2.1476 -0.019   591.03  591.07  0.007   0.6729   0.6731  0.035  1030.1  1030.1  0.002   479.7  479.7 -0.003
  12.000   0.447  2.259  2.2591  0.006   563.00  563.04  0.006   0.5886   0.5887  0.019  1058.9  1058.9  0.003   468.7  468.7  0.010
  15.000   0.493  2.396  2.3957 -0.012   530.27  530.32  0.010   0.5000   0.5002  0.042  1091.3  1091.3  0.003   455.6  455.6 -0.008
  20.000   0.555  2.573  2.5728 -0.009   490.54  490.58  0.008   0.4053   0.4054  0.007  1129.1  1129.2  0.005   438.9  438.9 -0.001
  25.000   0.604  2.712  2.7115 -0.017   461.58  461.65  0.014   0.3446   0.3448  0.043  1155.7  1155.7 -0.000   426.2  426.2  0.010
  30.000   0.646  2.826  2.8261  0.005   439.07  439.14  0.016   0.3019   0.3020  0.038  1175.8  1175.8  0.002   416.1  416.1 -0.005
  40.000   0.717  3.010  3.0097 -0.009   405.60  405.65  0.013   0.2451   0.2451 -0.001  1205.0  1205.0  0.001   400.4  400.4 -0.006
  50.000   0.775  3.155  3.1549 -0.003   381.28  381.33  0.013   0.2086   0.2086 -0.003  1225.7  1225.6 -0.004   388.5  388.5 -0.001
  60.000   0.827  3.276  3.2755 -0.014   362.43  362.49  0.017   0.1829   0.1829  0.022  1241.4  1241.3 -0.004   379.0  379.0 -0.004
  80.000   0.917  3.470  3.4699 -0.004   334.48  334.52  0.011   0.1486   0.1486  0.003  1264.2  1264.2  0.002   364.3  364.3  0.013
 100.000   0.998  3.624  3.6243  0.009   314.23  314.25  0.006   0.1266   0.1266  0.007  1280.5  1280.5  0.001   353.3  353.3  0.004
 130.000   1.112  3.810  3.8102  0.006   291.92  291.94  0.007   0.1048   0.1048  0.003  1298.1  1298.2  0.005   340.7  340.7  0.003
 160.000   1.230  3.961  3.9611  0.002   275.37  275.34 -0.011   0.0903   0.0903  0.011  1311.0  1311.1  0.007   331.0  331.0 -0.003
 190.000   1.378  4.088  4.0885  0.013   262.36  262.29 -0.027   0.0798   0.0798  0.027  1321.1  1321.1  0.002   323.2  323.1 -0.022
 217.680   1.932  4.190  4.1908  0.019   252.49  252.42 -0.029   0.0724   0.0724  0.028  1328.6  1328.7  0.006   317.1  317.0 -0.017
 217.760   2.008  4.190  4.1911  0.026   252.46  252.39 -0.027   0.0723   0.0724  0.031  1328.6  1328.7  0.008   317.1  317.0 -0.022
supersonic stations (M>1, n=26): dT max|.| = 0.029 %  mean = +0.002 %
supersonic stations (M>1, n=26): drho max|.| = 0.043 %  mean = +0.016 %
supersonic stations (M>1, n=26): du max|.| = 0.009 %  mean = +0.002 %
supersonic stations (M>1, n=26): da max|.| = 0.022 %  mean = -0.002 %
supersonic stations (M>1, n=26): dM max|.| = 0.027 %  mean = +0.002 %

mass flow: CEA 1D rho* a* A* = 193.29 kg/s (A*=0.13928 m2); forge inlet 192.64, exit 192.65 kg/s
  Cd = forge/CEA-1D: inlet 0.9966, exit 0.9967   (design Hall/series Cd = 0.9963)
exit plane x=5.032 m: r_wall=0.7985 m A/A*=14.380; forge mass-avg M=4.1902 T=252.47 P=5226 u=1328.6; axis M=4.1900 T=252.49 P=5229
  CEA frozen 1D @A/A*=14.443: M=4.190 T=252.49 P=5223 u=1328.6
saved /home/sano/work/forge/case/44.vitiated_air_wt/cea/cea_vs_forge_run_0049_va2lp_M4.19_dry.png
wrote /home/sano/work/forge/case/44.vitiated_air_wt/cea/cea_frozen_table_v2_fz.csv and /home/sano/work/forge/case/44.vitiated_air_wt/cea/forge_axis_run_0049_va2lp_M4.19_dry.csv
