CEA frozen: chamber T=1161.00 K rho=3.4390 cp=1.2207 gamma=1.3050
CEA frozen: throat Pc/P*=1.8424 T*=1004.70 rho*=2.1570 a*=614.0 gamma*=1.3153
CEA frozen exit (Ae/At=15.066): M=4.186 P=5066 Pa T=283.21 K rho=0.06270 u=1401.9 a=334.9
forge res_12000.h5: axis nodes 365, x∈[-1.337,4.986] m, P∈[4999,1137384], T∈[282.1,1160.6], M_max=4.1966
forge axis total enthalpy h0: mean 967418.0 J/kg, spread (max-min)/|mean| = 1.29e-04, rel std 2.80e-05
forge R=P/(rho T): 285.270 ± 0.000  (CEA MW 29.146 → R=285.269; design R=285.270)

  Pc/P     x[m]   M_cea  M_forge  dM%    T_cea  T_forge  dT%    rho_cea rho_forge drho%   u_cea  u_forge  du%    a_cea  a_forge  da%
   1.050  -0.338  0.274  0.2740  0.006  1147.82 1147.83  0.001   3.3128   3.3129  0.002   179.3   179.2 -0.072   653.9  653.9 -0.004
   1.100  -0.244  0.384  0.3841  0.020  1135.38 1135.37 -0.001   3.1969   3.1970  0.002   249.9   249.8 -0.024   650.5  650.5 -0.000
   1.200  -0.154  0.534  0.5338 -0.044  1112.40 1112.39 -0.001   2.9910   2.9911  0.003   343.8   343.9  0.019   644.2  644.2  0.004
   1.300  -0.102  0.643  0.6430  0.004  1091.60 1091.59 -0.001   2.8136   2.8136  0.001   410.6   410.6 -0.008   638.5  638.5 -0.000
   1.400  -0.065  0.731  0.7311  0.017  1072.63 1072.62 -0.001   2.6588   2.6589  0.002   462.9   463.0  0.014   633.2  633.2  0.004
   1.500  -0.036  0.806  0.8056 -0.055  1055.22 1055.21 -0.001   2.5225   2.5226  0.003   506.1   506.2  0.014   628.4  628.3 -0.008
   1.600  -0.012  0.870  0.8704  0.041  1039.14 1039.13 -0.001   2.4014   2.4015  0.005   542.9   542.9  0.006   623.8  623.8  0.002
   1.700   0.009  0.928  0.9278 -0.016  1024.22 1024.20 -0.002   2.2931   2.2932  0.004   574.8   574.9  0.010   619.6  619.6 -0.005
   1.842   0.034  1.000  1.0001  0.008  1004.70 1004.68 -0.002   2.1570   2.1571  0.005   614.0   614.0  0.002   614.0  614.0 -0.005
   1.850   0.035  1.004  1.0037 -0.033  1003.71 1003.69 -0.002   2.1502   2.1504  0.008   615.9   615.9  0.005   613.7  613.7 -0.002
   2.000   0.057  1.070  1.0700 -0.003   985.09  985.08 -0.001   2.0266   2.0267  0.003   650.8   650.9  0.008   608.3  608.3 -0.001
   2.250   0.088  1.165  1.1649 -0.006   957.50  957.49 -0.001   1.8533   1.8534  0.005   699.2   699.2 -0.000   600.2  600.2  0.002
   2.500   0.114  1.246  1.2457 -0.028   933.36  933.35 -0.001   1.7111   1.7112  0.008   738.7   738.7  0.001   593.0  593.0  0.007
   3.000   0.156  1.378  1.3782  0.017   892.76  892.76  0.000   1.4908   1.4909  0.004   800.4   800.4  0.002   580.8  580.8 -0.007
   3.500   0.190  1.485  1.4850 -0.002   859.57  859.58  0.001   1.3271   1.3273  0.012   847.2   847.2 -0.003   570.5  570.5  0.001
   4.000   0.218  1.574  1.5744  0.027   831.64  831.66  0.002   1.2002   1.2004  0.017   884.4   884.4 -0.003   561.7  561.7  0.004
   5.000   0.265  1.719  1.7192  0.014   786.63  786.65  0.002   1.0151   1.0153  0.017   940.8   940.8  0.001   547.2  547.2  0.006
   6.000   0.301  1.834  1.8344  0.019   751.35  751.38  0.004   0.8857   0.8859  0.022   982.4   982.4 -0.001   535.6  535.6 -0.006
   7.000   0.332  1.930  1.9301  0.004   722.54  722.57  0.004   0.7894   0.7895  0.012  1014.8  1014.9  0.006   525.8  525.8  0.004
   8.000   0.358  2.012  2.0121  0.007   698.33  698.36  0.005   0.7147   0.7148  0.017  1041.2  1041.2 -0.002   517.5  517.5 -0.007
  10.000   0.402  2.148  2.1480  0.002   659.37  659.42  0.007   0.6055   0.6057  0.028  1081.9  1081.9 -0.003   503.7  503.7 -0.006
  12.000   0.438  2.258  2.2585  0.022   628.90  628.96  0.009   0.5291   0.5293  0.041  1112.4  1112.4 -0.001   492.5  492.6  0.012
  15.000   0.483  2.393  2.3936  0.023   593.23  593.29  0.010   0.4487   0.4489  0.036  1146.8  1146.8  0.002   479.1  479.2  0.011
  20.000   0.542  2.568  2.5684  0.015   549.80  549.87  0.013   0.3631   0.3633  0.047  1187.0  1187.0 -0.001   462.2  462.2 -0.004
  25.000   0.590  2.705  2.7052  0.006   518.03  518.08  0.011   0.3083   0.3083  0.005  1215.3  1215.3  0.000   449.2  449.3  0.013
  30.000   0.630  2.818  2.8181  0.002   493.28  493.34  0.013   0.2698   0.2698  0.013  1236.7  1236.7  0.002   438.8  438.9  0.016
  40.000   0.698  2.999  2.9989 -0.004   456.35  456.44  0.019   0.2187   0.2188  0.033  1267.8  1267.8  0.000   422.8  422.8 -0.005
  50.000   0.754  3.142  3.1418 -0.008   429.44  429.52  0.019   0.1860   0.1860  0.019  1289.9  1289.8 -0.004   410.5  410.6  0.015
  60.000   0.804  3.261  3.2605 -0.017   408.54  408.61  0.017   0.1629   0.1629  0.017  1306.7  1306.6 -0.005   400.7  400.8  0.015
  80.000   0.890  3.452  3.4517 -0.008   377.46  377.50  0.011   0.1322   0.1322 -0.006  1331.1  1331.1 -0.001   385.6  385.6  0.008
 100.000   0.966  3.604  3.6038 -0.004   354.88  354.92  0.011   0.1125   0.1125  0.007  1348.5  1348.5 -0.000   374.2  374.2 -0.003
 130.000   1.073  3.787  3.7870 -0.001   329.97  329.99  0.007   0.0931   0.0931 -0.005  1367.4  1367.4  0.001   361.1  361.1 -0.005
 160.000   1.181  3.935  3.9357  0.018   311.43  311.42 -0.003   0.0801   0.0801  0.011  1381.2  1381.2  0.003   351.0  351.0 -0.013
 190.000   1.310  4.061  4.0614  0.010   296.85  296.79 -0.020   0.0708   0.0708  0.026  1391.9  1392.0  0.007   342.8  342.7 -0.017
 224.830   1.661  4.186  4.1866  0.013   283.21  283.13 -0.027   0.0627   0.0627  0.029  1401.9  1402.0  0.005   334.9  334.9 -0.008
 226.100   1.882  4.190  4.1908  0.018   282.77  282.69 -0.029   0.0625   0.0625  0.028  1402.2  1402.3  0.006   334.7  334.6 -0.026
 226.110   1.903  4.190  4.1908  0.019   282.76  282.68 -0.027   0.0624   0.0625  0.027  1402.2  1402.3  0.007   334.7  334.6 -0.026
supersonic stations (M>1, n=28): dT max|.| = 0.029 %  mean = +0.002 %
supersonic stations (M>1, n=28): drho max|.| = 0.047 %  mean = +0.017 %
supersonic stations (M>1, n=28): du max|.| = 0.008 %  mean = +0.001 %
supersonic stations (M>1, n=28): da max|.| = 0.026 %  mean = -0.001 %
supersonic stations (M>1, n=28): dM max|.| = 0.033 %  mean = +0.004 %

mass flow: CEA 1D rho* a* A* = 176.07 kg/s (A*=0.13294 m2); forge inlet 175.48, exit 175.48 kg/s
  Cd = forge/CEA-1D: inlet 0.9966, exit 0.9967   (design Hall/series Cd = 0.9963)
exit plane x=4.986 m: r_wall=0.7985 m A/A*=15.066; forge mass-avg M=4.1903 T=282.73 P=5039 u=1402.2; axis M=4.1900 T=282.76 P=5042
  CEA frozen 1D @A/A*=15.066: M=4.186 T=283.21 P=5066 u=1401.9
saved /home/sano/work/forge/case/44.vitiated_air_wt/cea/cea_vs_forge_run_0091_va3_M4.19_Lc8_dry.png
wrote /home/sano/work/forge/case/44.vitiated_air_wt/cea/cea_frozen_table_v3_fz.csv and /home/sano/work/forge/case/44.vitiated_air_wt/cea/forge_axis_run_0091_va3_M4.19_Lc8_dry.csv
