CEA frozen: chamber T=1060.00 K rho=3.7615 cp=1.1903 gamma=1.3162
CEA frozen: throat Pc/P*=1.8498 T*=912.60 rho*=2.3619 a*=588.5 gamma*=1.3275
CEA frozen exit (Ae/At=14.443): M=4.190 P=5235 Pa T=253.02 K rho=0.07236 u=1330.0 a=317.4
forge res_12000.h5: axis nodes 365, x∈[-1.368,5.032] m, P∈[5200,1138265], T∈[252.5,1059.6], M_max=4.1959
forge axis total enthalpy h0: mean 838609.8 J/kg, spread (max-min)/|mean| = 1.24e-04, rel std 2.77e-05
forge R=P/(rho T): 285.911 ± 0.000  (CEA MW 29.081 → R=285.907; design R=285.911)

  Pc/P     x[m]   M_cea  M_forge  dM%    T_cea  T_forge  dT%    rho_cea rho_forge drho%   u_cea  u_forge  du%    a_cea  a_forge  da%
   1.050  -0.349  0.273  0.2728 -0.056  1047.64 1047.64 -0.000   3.6247   3.6247  0.000   171.5   171.4 -0.076   628.1  628.1 -0.003
   1.100  -0.252  0.383  0.3825 -0.127  1035.96 1035.95 -0.001   3.4989   3.4990  0.002   239.0   239.0 -0.008   624.8  624.8 -0.006
   1.200  -0.159  0.532  0.5315 -0.086  1014.41 1014.40 -0.001   3.2755   3.2756  0.002   328.8   328.8  0.002   618.6  618.6 -0.000
   1.300  -0.106  0.640  0.6404  0.068   994.91  994.90 -0.001   3.0828   3.0829  0.003   392.6   392.6 -0.010   613.0  613.0 -0.006
   1.400  -0.067  0.728  0.7282  0.031   977.13  977.12 -0.001   2.9147   2.9148  0.003   442.6   442.6 -0.001   607.8  607.8 -0.004
   1.500  -0.038  0.802  0.8025  0.061   960.81  960.80 -0.001   2.7666   2.7666  0.002   483.9   483.9 -0.004   603.0  603.0 -0.004
   1.600  -0.013  0.867  0.8671  0.011   945.75  945.74 -0.001   2.6350   2.6351  0.003   518.9   519.0  0.010   598.5  598.5  0.001
   1.700   0.008  0.924  0.9244  0.048   931.78  931.77 -0.001   2.5172   2.5173  0.004   549.4   549.4  0.003   594.3  594.3  0.004
   1.850   0.035  1.000  1.0000  0.003   912.60  912.59 -0.001   2.3619   2.3621  0.006   588.5   588.5  0.008   588.5  588.5  0.006
   1.850   0.035  1.000  1.0001  0.013   912.58  912.57 -0.002   2.3617   2.3619  0.007   588.6   588.6 -0.001   588.5  588.5  0.005
   2.000   0.057  1.066  1.0663  0.029   895.16  895.15 -0.001   2.2271   2.2272  0.006   621.9   621.9 -0.003   583.2  583.2  0.003
   2.250   0.089  1.161  1.1612  0.015   869.37  869.36 -0.001   2.0384   2.0384  0.001   667.9   668.0  0.011   575.3  575.3 -0.008
   2.500   0.115  1.242  1.2418 -0.015   846.82  846.82 -0.001   1.8834   1.8836  0.008   705.6   705.6 -0.003   568.2  568.2 -0.001
   3.000   0.158  1.374  1.3744  0.030   808.93  808.92 -0.001   1.6430   1.6431  0.004   764.3   764.3  0.002   556.1  556.1  0.000
   3.500   0.192  1.481  1.4812  0.016   777.98  777.99  0.001   1.4643   1.4644  0.008   808.7   808.8  0.007   546.0  546.0  0.002
   4.000   0.222  1.571  1.5708 -0.011   751.97  751.99  0.002   1.3256   1.3258  0.012   844.1   844.1 -0.002   537.4  537.4 -0.008
   5.000   0.269  1.716  1.7161  0.004   710.11  710.13  0.003   1.1230   1.1231  0.012   897.6   897.6  0.003   523.1  523.1 -0.003
   6.000   0.307  1.832  1.8317 -0.017   677.36  677.38  0.003   0.9811   0.9813  0.020   937.0   937.0  0.004   511.6  511.6 -0.002
   7.000   0.338  1.928  1.9280 -0.003   650.66  650.69  0.004   0.8754   0.8756  0.018   967.8   967.8 -0.003   502.0  502.0 -0.003
   8.000   0.365  2.010  2.0106  0.028   628.25  628.28  0.005   0.7933   0.7935  0.024   992.7   992.7 -0.003   493.7  493.7  0.010
  10.000   0.410  2.148  2.1476 -0.019   592.26  592.31  0.008   0.6732   0.6735  0.035  1031.1  1031.1  0.003   480.2  480.2 -0.008
  12.000   0.447  2.259  2.2591  0.005   564.18  564.22  0.007   0.5889   0.5891  0.021  1060.0  1060.0 -0.002   469.2  469.2  0.004
  15.000   0.493  2.396  2.3957 -0.014   531.39  531.45  0.011   0.5002   0.5004  0.042  1092.4  1092.4  0.002   456.0  456.0  0.006
  20.000   0.555  2.573  2.5727 -0.012   491.59  491.63  0.009   0.4055   0.4056  0.011  1130.3  1130.3 -0.001   439.3  439.3  0.011
  25.000   0.604  2.711  2.7114  0.016   462.57  462.64  0.015   0.3448   0.3449  0.042  1156.9  1156.9 -0.003   426.7  426.7 -0.004
  30.000   0.646  2.826  2.8260  0.001   440.02  440.09  0.016   0.3021   0.3022  0.037  1177.0  1177.0  0.001   416.5  416.5  0.003
  40.000   0.716  3.010  3.0096 -0.014   406.48  406.53  0.013   0.2452   0.2452 -0.003  1206.2  1206.2  0.002   400.8  400.8 -0.000
  50.000   0.775  3.155  3.1547 -0.008   382.11  382.17  0.015   0.2087   0.2087  0.002  1226.9  1226.9 -0.001   388.9  388.9  0.002
  60.000   0.827  3.276  3.2754 -0.020   363.23  363.29  0.016   0.1830   0.1830  0.022  1242.6  1242.6  0.000   379.4  379.4 -0.002
  80.000   0.917  3.470  3.4697 -0.010   335.21  335.25  0.013   0.1487   0.1487  0.008  1265.5  1265.5  0.001   364.7  364.7  0.012
 100.000   0.998  3.624  3.6241  0.003   314.92  314.94  0.008   0.1266   0.1266  0.012  1281.8  1281.8  0.001   353.7  353.7 -0.001
 130.000   1.112  3.810  3.8100 -0.001   292.57  292.59  0.005   0.1048   0.1048  0.007  1299.4  1299.5  0.007   341.1  341.1 -0.006
 160.000   1.230  3.960  3.9608  0.020   275.98  275.95 -0.011   0.0903   0.0903  0.012  1312.4  1312.4  0.002   331.4  331.4 -0.014
 190.000   1.377  4.087  4.0882  0.030   262.94  262.87 -0.026   0.0798   0.0798  0.027  1322.4  1322.5  0.006   323.5  323.5 -0.005
 217.760   1.924  4.190  4.1908  0.019   253.02  252.95 -0.027   0.0724   0.0724  0.030  1330.0  1330.1  0.005   317.4  317.4 -0.007
 217.770   1.934  4.190  4.1908  0.020   253.02  252.95 -0.028   0.0724   0.0724  0.028  1330.0  1330.1  0.005   317.4  317.4 -0.007
supersonic stations (M>1, n=26): dT max|.| = 0.028 %  mean = +0.002 %
supersonic stations (M>1, n=26): drho max|.| = 0.042 %  mean = +0.017 %
supersonic stations (M>1, n=26): du max|.| = 0.011 %  mean = +0.002 %
supersonic stations (M>1, n=26): da max|.| = 0.014 %  mean = -0.001 %
supersonic stations (M>1, n=26): dM max|.| = 0.030 %  mean = +0.004 %

mass flow: CEA 1D rho* a* A* = 193.50 kg/s (A*=0.13921 m2); forge inlet 192.87, exit 192.87 kg/s
  Cd = forge/CEA-1D: inlet 0.9967, exit 0.9968   (design Hall/series Cd = 0.9963)
exit plane x=5.032 m: r_wall=0.7985 m A/A*=14.387; forge mass-avg M=4.1902 T=253.00 P=5237 u=1330.0; axis M=4.1900 T=253.02 P=5240
  CEA frozen 1D @A/A*=14.443: M=4.190 T=253.02 P=5235 u=1330.0
saved /home/sano/work/forge/case/44.vitiated_air_wt/cea/cea_vs_forge_run_0019_va_R2_LU6_Lc8_newbin.png
