
 *******************************************************************************

         NASA-GLENN CHEMICAL EQUILIBRIUM PROGRAM CEA2, MAY 21, 2004
                   BY  BONNIE MCBRIDE AND SANFORD GORDON
      REFS: NASA RP-1311, PART I, 1994 AND NASA RP-1311, PART II, 1996

 *******************************************************************************



 # case/44 vitiated air Pt=11.4 bar Tt=1060 K (mole fractions H2O/N2/O2/Ar/CO2)
 problem case=va_fz1 rocket frozen nfz=1 p,bar=11.4
    pi/p=1.05,1.1,1.2,1.3,1.4,1.5,1.6,1.7,1.85,2.0,2.25,2.5,3,3.5,4,5
 reac
   name=H2O moles=0.0462711  t,k=1060
   name=N2  moles=0.6989119  t,k=1060
   name=O2  moles=0.2091779  t,k=1060
   name=Ar  moles=0.008340143 t,k=1060
   name=CO2 moles=0.03729886 t,k=1060
 only H2O N2 O2 Ar CO2
 output siunits
 end

 OPTIONS: TP=F  HP=F  SP=F  TV=F  UV=F  SV=F  DETN=F  SHOCK=F  REFL=F  INCD=F
 RKT=T  FROZ=T  EQL=F  IONS=F  SIUNIT=T  DEBUGF=F  SHKDBG=F  DETDBG=F  TRNSPT=F

 TRACE= 0.00E+00  S/R= 0.000000E+00  H/R= 0.000000E+00  U/R= 0.000000E+00

 Pc,BAR =    11.400000

 Pc/P =     1.0500     1.1000     1.2000     1.3000     1.4000     1.5000     1.6000     1.7000     1.8500

 Pc/P =     2.0000     2.2500     2.5000     3.0000     3.5000     4.0000     5.0000

 SUBSONIC AREA RATIOS =

 SUPERSONIC AREA RATIOS =

 NFZ=  1  Mdot/Ac= 0.000000E+00  Ac/At= 0.000000E+00

    REACTANT           MOLES    (ENERGY/R),K   TEMP,K  DENSITY
        EXPLODED FORMULA
 N: H2O              0.046271  -0.256566E+05  1060.00  0.0000
          H  2.00000  O  1.00000
 N: N2               0.698912   0.281847E+04  1060.00  0.0000
          N  2.00000
 N: O2               0.209178   0.298381E+04  1060.00  0.0000
          O  2.00000
 N: Ar               0.008340   0.190462E+04  1060.00  0.0000
          AR 1.00000
 N: CO2              0.037299  -0.429166E+05  1060.00  0.0000
          C  1.00000  O  2.00000

  SPECIES BEING CONSIDERED IN THIS SYSTEM
 (CONDENSED PHASE MAY HAVE NAME LISTED SEVERAL TIMES)
  LAST thermo.inp UPDATE:    9/09/04

  g 3/98  *Ar              g 9/99  *CO2             g 8/89  H2O            
  tpis78  *N2              tpis89  *O2            

 O/F =   0.000000

                       EFFECTIVE FUEL     EFFECTIVE OXIDANT        MIXTURE
 ENTHALPY                  h(2)/R              h(1)/R               h0/R
 (KG-MOL)(K)/KG       -0.61210189E+01      0.00000000E+00     -0.61210189E+01

 KG-FORM.WT./KG             bi(2)               bi(1)               b0i
  H                    0.31822655E-02      0.00000000E+00      0.31822655E-02
  O                    0.18542415E-01      0.00000000E+00      0.18542415E-01
  N                    0.48067221E-01      0.00000000E+00      0.48067221E-01
  *Ar                  0.28679401E-03      0.00000000E+00      0.28679401E-03
  C                    0.12826027E-02      0.00000000E+00      0.12826027E-02

 POINT ITN      T            H           O           N           AR
                    C 
   1    9    1060.000     -20.099     -12.929     -11.469     -22.351
                 -48.256





           THEORETICAL ROCKET PERFORMANCE ASSUMING FROZEN COMPOSITION

 Pin =   165.3 PSIA
 CASE = va_fz1         

             REACTANT                       MOLES         ENERGY      TEMP
                                                         KJ/KG-MOL      K
 NAME        H2O                          0.0462711   -213322.166   1060.000
 NAME        N2                           0.6989119     23434.230   1060.000
 NAME        O2                           0.2091779     24808.925   1060.000
 NAME        Ar                           0.0083401     15836.024   1060.000
 NAME        CO2                          0.0372989   -356830.520   1060.000

 O/F=    0.00000  %FUEL=  0.000000  R,EQ.RATIO= 0.224153  PHI,EQ.RATIO= 0.000000

                 CHAMBER   THROAT     EXIT     EXIT     EXIT     EXIT     EXIT     EXIT
 Pinf/P            1.0000   1.8498   1.0500   1.1000   1.2000   1.3000   1.4000   1.5000
 P, BAR            11.400   6.1627   10.857   10.364   9.5000   8.7692   8.1429   7.6000
 T, K             1060.00   912.60  1047.64  1035.96  1014.41   994.91   977.13   960.81
 RHO, KG/CU M    3.7615 0 2.3619 0 3.6247 0 3.4989 0 3.2755 0 3.0828 0 2.9147 0 2.7666 0
 H, KJ/KG         -50.893  -224.08  -65.594  -79.450  -104.95  -127.94  -148.84  -167.95
 U, KJ/KG         -353.96  -485.01  -365.13  -375.64  -394.99  -412.40  -428.21  -442.66
 G, KJ/KG        -8137.35 -7186.05 -8057.74 -7982.52 -7843.60 -7717.82 -7603.08 -7497.72
 S, KJ/(KG)(K)     7.6287   7.6287   7.6287   7.6287   7.6287   7.6287   7.6287   7.6287

 M, (1/n)          29.081   29.081   29.081   29.081   29.081   29.081   29.081   29.081
 Cp, KJ/(KG)(K)    1.1903   1.1589   1.1878   1.1855   1.1811   1.1770   1.1732   1.1696
 GAMMAs            1.3162   1.3275   1.3170   1.3178   1.3194   1.3209   1.3222   1.3235
 SON VEL,M/SEC      631.6    588.5    628.1    624.8    618.6    613.0    607.8    603.0
 MACH NUMBER        0.000    1.000    0.273    0.383    0.532    0.640    0.728    0.802

 PERFORMANCE PARAMETERS

 Ae/At                      1.0000   2.2366   1.6624   1.2906   1.1486   1.0776   1.0384
 CSTAR, M/SEC                820.1    820.1    820.1    820.1    820.1    820.1    820.1
 CF                         0.7176   0.2091   0.2914   0.4009   0.4787   0.5397   0.5900
 Ivac, M/SEC                1031.9   1918.4   1478.4   1210.9   1117.2   1073.8   1051.6
 Isp, M/SEC                  588.5    171.5    239.0    328.8    392.6    442.6    483.9

 MOLE FRACTIONS

 *Ar             0.00834   *CO2            0.03730   H2O             0.04627
 *N2             0.69891   *O2             0.20918

  * THERMODYNAMIC PROPERTIES FITTED TO 20000.K

    PRODUCTS WHICH WERE CONSIDERED BUT WHOSE MOLE FRACTIONS
    WERE LESS THAN 5.000000E-06 FOR ALL ASSIGNED CONDITIONS







           THEORETICAL ROCKET PERFORMANCE ASSUMING FROZEN COMPOSITION

 Pin =   165.3 PSIA
 CASE = va_fz1         

             REACTANT                       MOLES         ENERGY      TEMP
                                                         KJ/KG-MOL      K
 NAME        H2O                          0.0462711   -213322.166   1060.000
 NAME        N2                           0.6989119     23434.230   1060.000
 NAME        O2                           0.2091779     24808.925   1060.000
 NAME        Ar                           0.0083401     15836.024   1060.000
 NAME        CO2                          0.0372989   -356830.520   1060.000

 O/F=    0.00000  %FUEL=  0.000000  R,EQ.RATIO= 0.224153  PHI,EQ.RATIO= 0.000000

                 CHAMBER   THROAT     EXIT     EXIT     EXIT     EXIT     EXIT     EXIT
 Pinf/P            1.0000   1.8498   1.6000   1.7000   1.8500   2.0000   2.2500   2.5000
 P, BAR            11.400   6.1627   7.1250   6.7059   6.1622   5.7000   5.0667   4.5600
 T, K             1060.00   912.60   945.75   931.78   912.58   895.16   869.37   846.82
 RHO, KG/CU M    3.7615 0 2.3619 0 2.6350 0 2.5172 0 2.3617 0 2.2271 0 2.0384 0 1.8834 0
 H, KJ/KG         -50.893  -224.08  -185.54  -201.81  -224.11  -244.25  -273.96  -299.81
 U, KJ/KG         -353.96  -485.01  -455.94  -468.22  -485.02  -500.19  -522.53  -541.93
 G, KJ/KG        -8137.35 -7186.05 -7400.42 -7310.12 -7185.93 -7073.22 -6906.17 -6759.96
 S, KJ/(KG)(K)     7.6287   7.6287   7.6287   7.6287   7.6287   7.6287   7.6287   7.6287

 M, (1/n)          29.081   29.081   29.081   29.081   29.081   29.081   29.081   29.081
 Cp, KJ/(KG)(K)    1.1903   1.1589   1.1663   1.1632   1.1589   1.1549   1.1488   1.1434
 GAMMAs            1.3162   1.3275   1.3248   1.3259   1.3275   1.3290   1.3313   1.3334
 SON VEL,M/SEC      631.6    588.5    598.5    594.3    588.5    583.2    575.3    568.2
 MACH NUMBER        0.000    1.000    0.867    0.924    1.000    1.066    1.161    1.242

 PERFORMANCE PARAMETERS

 Ae/At                      1.0000   1.0166   1.0052   1.0000   1.0037   1.0210   1.0460
 CSTAR, M/SEC                820.1    820.1    820.1    820.1    820.1    820.1    820.1
 CF                         0.7176   0.6328   0.6699   0.7177   0.7583   0.8144   0.8603
 Ivac, M/SEC                1031.9   1040.0   1034.3   1031.9   1033.4   1040.1   1048.7
 Isp, M/SEC                  588.5    518.9    549.4    588.6    621.9    667.9    705.6

 MOLE FRACTIONS

 *Ar             0.00834   *CO2            0.03730   H2O             0.04627
 *N2             0.69891   *O2             0.20918

  * THERMODYNAMIC PROPERTIES FITTED TO 20000.K

    PRODUCTS WHICH WERE CONSIDERED BUT WHOSE MOLE FRACTIONS
    WERE LESS THAN 5.000000E-06 FOR ALL ASSIGNED CONDITIONS







           THEORETICAL ROCKET PERFORMANCE ASSUMING FROZEN COMPOSITION

 Pin =   165.3 PSIA
 CASE = va_fz1         

             REACTANT                       MOLES         ENERGY      TEMP
                                                         KJ/KG-MOL      K
 NAME        H2O                          0.0462711   -213322.166   1060.000
 NAME        N2                           0.6989119     23434.230   1060.000
 NAME        O2                           0.2091779     24808.925   1060.000
 NAME        Ar                           0.0083401     15836.024   1060.000
 NAME        CO2                          0.0372989   -356830.520   1060.000

 O/F=    0.00000  %FUEL=  0.000000  R,EQ.RATIO= 0.224153  PHI,EQ.RATIO= 0.000000

                 CHAMBER   THROAT     EXIT     EXIT     EXIT     EXIT
 Pinf/P            1.0000   1.8498   3.0000   3.5000   4.0000   5.0000
 P, BAR            11.400   6.1627   3.8000   3.2571   2.8500   2.2800
 T, K             1060.00   912.60   808.93   777.98   751.97   710.11
 RHO, KG/CU M    3.7615 0 2.3619 0 1.6430 0 1.4643 0 1.3256 0 1.1230 0
 H, KJ/KG         -50.893  -224.08  -342.96  -377.93  -407.13  -453.76
 U, KJ/KG         -353.96  -485.01  -574.24  -600.36  -622.13  -656.79
 G, KJ/KG        -8137.35 -7186.05 -6514.04 -6312.96 -6143.74 -5871.01
 S, KJ/(KG)(K)     7.6287   7.6287   7.6287   7.6287   7.6287   7.6287

 M, (1/n)          29.081   29.081   29.081   29.081   29.081   29.081
 Cp, KJ/(KG)(K)    1.1903   1.1589   1.1340   1.1261   1.1194   1.1083
 GAMMAs            1.3162   1.3275   1.3371   1.3403   1.3430   1.3477
 SON VEL,M/SEC      631.6    588.5    556.1    546.0    537.4    523.1
 MACH NUMBER        0.000    1.000    1.374    1.481    1.571    1.716

 PERFORMANCE PARAMETERS

 Ae/At                      1.0000   1.1070   1.1738   1.2423   1.3790
 CSTAR, M/SEC                820.1    820.1    820.1    820.1    820.1
 CF                         0.7176   0.9319   0.9861   1.0292   1.0945
 Ivac, M/SEC                1031.9   1066.9   1083.8   1098.8   1123.8
 Isp, M/SEC                  588.5    764.3    808.7    844.1    897.6

 MOLE FRACTIONS

 *Ar             0.00834   *CO2            0.03730   H2O             0.04627
 *N2             0.69891   *O2             0.20918

  * THERMODYNAMIC PROPERTIES FITTED TO 20000.K

    PRODUCTS WHICH WERE CONSIDERED BUT WHOSE MOLE FRACTIONS
    WERE LESS THAN 5.000000E-06 FOR ALL ASSIGNED CONDITIONS





  
 problem case=va_fz2 rocket frozen nfz=1 p,bar=11.4
    pi/p=6,7,8,10,12,15,20,25,30,40,50,60,80,100,130,160
 reac
   name=H2O moles=0.0462711  t,k=1060
   name=N2  moles=0.6989119  t,k=1060
   name=O2  moles=0.2091779  t,k=1060
   name=Ar  moles=0.008340143 t,k=1060
   name=CO2 moles=0.03729886 t,k=1060
 only H2O N2 O2 Ar CO2
 output siunits
 end

 OPTIONS: TP=F  HP=F  SP=F  TV=F  UV=F  SV=F  DETN=F  SHOCK=F  REFL=F  INCD=F
 RKT=T  FROZ=T  EQL=F  IONS=F  SIUNIT=T  DEBUGF=F  SHKDBG=F  DETDBG=F  TRNSPT=F

 TRACE= 0.00E+00  S/R= 0.000000E+00  H/R= 0.000000E+00  U/R= 0.000000E+00

 Pc,BAR =    11.400000

 Pc/P =     6.0000     7.0000     8.0000    10.0000    12.0000    15.0000    20.0000    25.0000    30.0000

 Pc/P =    40.0000    50.0000    60.0000    80.0000   100.0000   130.0000   160.0000

 SUBSONIC AREA RATIOS =

 SUPERSONIC AREA RATIOS =

 NFZ=  1  Mdot/Ac= 0.000000E+00  Ac/At= 0.000000E+00

    REACTANT           MOLES    (ENERGY/R),K   TEMP,K  DENSITY
        EXPLODED FORMULA
 N: H2O              0.046271  -0.256566E+05  1060.00  0.0000
          H  2.00000  O  1.00000
 N: N2               0.698912   0.281847E+04  1060.00  0.0000
          N  2.00000
 N: O2               0.209178   0.298381E+04  1060.00  0.0000
          O  2.00000
 N: Ar               0.008340   0.190462E+04  1060.00  0.0000
          AR 1.00000
 N: CO2              0.037299  -0.429166E+05  1060.00  0.0000
          C  1.00000  O  2.00000

  SPECIES BEING CONSIDERED IN THIS SYSTEM
 (CONDENSED PHASE MAY HAVE NAME LISTED SEVERAL TIMES)
  LAST thermo.inp UPDATE:    9/09/04

  g 3/98  *Ar              g 9/99  *CO2             g 8/89  H2O            
  tpis78  *N2              tpis89  *O2            

 O/F =   0.000000

                       EFFECTIVE FUEL     EFFECTIVE OXIDANT        MIXTURE
 ENTHALPY                  h(2)/R              h(1)/R               h0/R
 (KG-MOL)(K)/KG       -0.61210189E+01      0.00000000E+00     -0.61210189E+01

 KG-FORM.WT./KG             bi(2)               bi(1)               b0i
  H                    0.31822655E-02      0.00000000E+00      0.31822655E-02
  O                    0.18542415E-01      0.00000000E+00      0.18542415E-01
  N                    0.48067221E-01      0.00000000E+00      0.48067221E-01
  *Ar                  0.28679401E-03      0.00000000E+00      0.28679401E-03
  C                    0.12826027E-02      0.00000000E+00      0.12826027E-02

 POINT ITN      T            H           O           N           AR
                    C 
   1    9    1060.000     -20.099     -12.929     -11.469     -22.351
                 -48.256





           THEORETICAL ROCKET PERFORMANCE ASSUMING FROZEN COMPOSITION

 Pin =   165.3 PSIA
 CASE = va_fz2         

             REACTANT                       MOLES         ENERGY      TEMP
                                                         KJ/KG-MOL      K
 NAME        H2O                          0.0462711   -213322.166   1060.000
 NAME        N2                           0.6989119     23434.230   1060.000
 NAME        O2                           0.2091779     24808.925   1060.000
 NAME        Ar                           0.0083401     15836.024   1060.000
 NAME        CO2                          0.0372989   -356830.520   1060.000

 O/F=    0.00000  %FUEL=  0.000000  R,EQ.RATIO= 0.224153  PHI,EQ.RATIO= 0.000000

                 CHAMBER   THROAT     EXIT     EXIT     EXIT     EXIT     EXIT     EXIT
 Pinf/P            1.0000   1.8498   6.0000   7.0000   8.0000   10.000   12.000   15.000
 P, BAR            11.400   6.1627   1.9000   1.6286   1.4250   1.1400  0.95000  0.76000
 T, K             1060.00   912.60   677.36   650.66   628.25   592.26   564.18   531.39
 RHO, KG/CU M    3.7615 0 2.3619 0 9.8107-1 8.7543-1 7.9332-1 6.7322-1 5.8894-1 5.0023-1
 H, KJ/KG         -50.893  -224.08  -489.92  -519.18  -543.59  -582.51  -612.65  -647.59
 U, KJ/KG         -353.96  -485.01  -683.58  -705.21  -723.21  -751.85  -773.96  -799.52
 G, KJ/KG        -8137.35 -7186.05 -5657.30 -5482.88 -5336.34 -5100.73 -4916.65 -4701.43
 S, KJ/(KG)(K)     7.6287   7.6287   7.6287   7.6287   7.6287   7.6287   7.6287   7.6287

 M, (1/n)          29.081   29.081   29.081   29.081   29.081   29.081   29.081   29.081
 Cp, KJ/(KG)(K)    1.1903   1.1589   1.0996   1.0924   1.0864   1.0769   1.0696   1.0614
 GAMMAs            1.3162   1.3275   1.3514   1.3545   1.3572   1.3615   1.3648   1.3687
 SON VEL,M/SEC      631.6    588.5    511.6    502.0    493.7    480.2    469.2    456.0
 MACH NUMBER        0.000    1.000    1.832    1.928    2.010    2.148    2.259    2.396

 PERFORMANCE PARAMETERS

 Ae/At                      1.0000   1.5121   1.6408   1.7651   2.0024   2.2268   2.5438
 CSTAR, M/SEC                820.1    820.1    820.1    820.1    820.1    820.1    820.1
 CF                         0.7176   1.1426   1.1800   1.2104   1.2573   1.2925   1.3320
 Ivac, M/SEC                1031.9   1143.7   1160.0   1173.6   1195.4   1212.1   1231.5
 Isp, M/SEC                  588.5    937.0    967.8    992.7   1031.1   1060.0   1092.4

 MOLE FRACTIONS

 *Ar             0.00834   *CO2            0.03730   H2O             0.04627
 *N2             0.69891   *O2             0.20918

  * THERMODYNAMIC PROPERTIES FITTED TO 20000.K

    PRODUCTS WHICH WERE CONSIDERED BUT WHOSE MOLE FRACTIONS
    WERE LESS THAN 5.000000E-06 FOR ALL ASSIGNED CONDITIONS







           THEORETICAL ROCKET PERFORMANCE ASSUMING FROZEN COMPOSITION

 Pin =   165.3 PSIA
 CASE = va_fz2         

             REACTANT                       MOLES         ENERGY      TEMP
                                                         KJ/KG-MOL      K
 NAME        H2O                          0.0462711   -213322.166   1060.000
 NAME        N2                           0.6989119     23434.230   1060.000
 NAME        O2                           0.2091779     24808.925   1060.000
 NAME        Ar                           0.0083401     15836.024   1060.000
 NAME        CO2                          0.0372989   -356830.520   1060.000

 O/F=    0.00000  %FUEL=  0.000000  R,EQ.RATIO= 0.224153  PHI,EQ.RATIO= 0.000000

                 CHAMBER   THROAT     EXIT     EXIT     EXIT     EXIT     EXIT     EXIT
 Pinf/P            1.0000   1.8498   20.000   25.000   30.000   40.000   50.000   60.000
 P, BAR            11.400   6.1627  0.57000  0.45600  0.38000  0.28500  0.22800  0.19000
 T, K             1060.00   912.60   491.59   462.57   440.02   406.48   382.11   363.23
 RHO, KG/CU M    3.7615 0 2.3619 0 4.0554-1 3.4479-1 3.0205-1 2.4523-1 2.0869-1 1.8295-1
 H, KJ/KG         -50.893  -224.08  -689.64  -720.07  -743.59  -778.39  -803.54  -822.96
 U, KJ/KG         -353.96  -485.01  -830.19  -852.33  -869.40  -894.61  -912.79  -926.81
 G, KJ/KG        -8137.35 -7186.05 -4439.86 -4248.92 -4100.41 -3879.32 -3718.58 -3593.93
 S, KJ/(KG)(K)     7.6287   7.6287   7.6287   7.6287   7.6287   7.6287   7.6287   7.6287

 M, (1/n)          29.081   29.081   29.081   29.081   29.081   29.081   29.081   29.081
 Cp, KJ/(KG)(K)    1.1903   1.1589   1.0519   1.0454   1.0407   1.0342   1.0300   1.0269
 GAMMAs            1.3162   1.3275   1.3733   1.3764   1.3788   1.3821   1.3843   1.3858
 SON VEL,M/SEC      631.6    588.5    439.3    426.7    416.5    400.8    388.9    379.4
 MACH NUMBER        0.000    1.000    2.573    2.711    2.826    3.010    3.155    3.276

 PERFORMANCE PARAMETERS

 Ae/At                      1.0000   3.0326   3.4849   3.9099   4.6993   5.4289   6.1143
 CSTAR, M/SEC                820.1    820.1    820.1    820.1    820.1    820.1    820.1
 CF                         0.7176   1.3782   1.4106   1.4352   1.4708   1.4960   1.5152
 Ivac, M/SEC                1031.9   1254.6   1271.2   1283.9   1302.6   1315.9   1326.2
 Isp, M/SEC                  588.5   1130.3   1156.9   1177.0   1206.2   1226.9   1242.6

 MOLE FRACTIONS

 *Ar             0.00834   *CO2            0.03730   H2O             0.04627
 *N2             0.69891   *O2             0.20918

  * THERMODYNAMIC PROPERTIES FITTED TO 20000.K

    PRODUCTS WHICH WERE CONSIDERED BUT WHOSE MOLE FRACTIONS
    WERE LESS THAN 5.000000E-06 FOR ALL ASSIGNED CONDITIONS







           THEORETICAL ROCKET PERFORMANCE ASSUMING FROZEN COMPOSITION

 Pin =   165.3 PSIA
 CASE = va_fz2         

             REACTANT                       MOLES         ENERGY      TEMP
                                                         KJ/KG-MOL      K
 NAME        H2O                          0.0462711   -213322.166   1060.000
 NAME        N2                           0.6989119     23434.230   1060.000
 NAME        O2                           0.2091779     24808.925   1060.000
 NAME        Ar                           0.0083401     15836.024   1060.000
 NAME        CO2                          0.0372989   -356830.520   1060.000

 O/F=    0.00000  %FUEL=  0.000000  R,EQ.RATIO= 0.224153  PHI,EQ.RATIO= 0.000000

                 CHAMBER   THROAT     EXIT     EXIT     EXIT     EXIT
 Pinf/P            1.0000   1.8498   80.000   100.00   130.00   160.00
 P, BAR            11.400   6.1627  0.14250  0.11400  0.08769  0.07125
 T, K             1060.00   912.60   335.21   314.92   292.57   275.98
 RHO, KG/CU M    3.7615 0 2.3619 0 1.4868-1 1.2661-1 1.0483-1 9.0298-2
 H, KJ/KG         -50.893  -224.08  -851.67  -872.40  -895.18  -912.05
 U, KJ/KG         -353.96  -485.01  -947.51  -962.44  -978.83  -990.95
 G, KJ/KG        -8137.35 -7186.05 -3408.93 -3274.84 -3127.10 -3017.40
 S, KJ/(KG)(K)     7.6287   7.6287   7.6287   7.6287   7.6287   7.6287

 M, (1/n)          29.081   29.081   29.081   29.081   29.081   29.081
 Cp, KJ/(KG)(K)    1.1903   1.1589   1.0229   1.0203   1.0177   1.0160
 GAMMAs            1.3162   1.3275   1.3880   1.3893   1.3907   1.3916
 SON VEL,M/SEC      631.6    588.5    364.7    353.7    341.1    331.4
 MACH NUMBER        0.000    1.000    3.470    3.624    3.810    3.960

 PERFORMANCE PARAMETERS

 Ae/At                      1.0000   7.3876   8.5653   10.204   11.730
 CSTAR, M/SEC                820.1    820.1    820.1    820.1    820.1
 CF                         0.7176   1.5431   1.5630   1.5845   1.6002
 Ivac, M/SEC                1031.9   1341.3   1352.0   1363.8   1372.5
 Isp, M/SEC                  588.5   1265.5   1281.8   1299.4   1312.4

 MOLE FRACTIONS

 *Ar             0.00834   *CO2            0.03730   H2O             0.04627
 *N2             0.69891   *O2             0.20918

  * THERMODYNAMIC PROPERTIES FITTED TO 20000.K

    PRODUCTS WHICH WERE CONSIDERED BUT WHOSE MOLE FRACTIONS
    WERE LESS THAN 5.000000E-06 FOR ALL ASSIGNED CONDITIONS





  
 problem case=va_fz3 rocket frozen nfz=1 p,bar=11.4
    pi/p=190,217.765,250 supar=14.443
 reac
   name=H2O moles=0.0462711  t,k=1060
   name=N2  moles=0.6989119  t,k=1060
   name=O2  moles=0.2091779  t,k=1060
   name=Ar  moles=0.008340143 t,k=1060
   name=CO2 moles=0.03729886 t,k=1060
 only H2O N2 O2 Ar CO2
 output siunits
 end

 OPTIONS: TP=F  HP=F  SP=F  TV=F  UV=F  SV=F  DETN=F  SHOCK=F  REFL=F  INCD=F
 RKT=T  FROZ=T  EQL=F  IONS=F  SIUNIT=T  DEBUGF=F  SHKDBG=F  DETDBG=F  TRNSPT=F

 TRACE= 0.00E+00  S/R= 0.000000E+00  H/R= 0.000000E+00  U/R= 0.000000E+00

 Pc,BAR =    11.400000

 Pc/P =   190.0000   217.7650   250.0000

 SUBSONIC AREA RATIOS =

 SUPERSONIC AREA RATIOS =    14.4430

 NFZ=  1  Mdot/Ac= 0.000000E+00  Ac/At= 0.000000E+00

    REACTANT           MOLES    (ENERGY/R),K   TEMP,K  DENSITY
        EXPLODED FORMULA
 N: H2O              0.046271  -0.256566E+05  1060.00  0.0000
          H  2.00000  O  1.00000
 N: N2               0.698912   0.281847E+04  1060.00  0.0000
          N  2.00000
 N: O2               0.209178   0.298381E+04  1060.00  0.0000
          O  2.00000
 N: Ar               0.008340   0.190462E+04  1060.00  0.0000
          AR 1.00000
 N: CO2              0.037299  -0.429166E+05  1060.00  0.0000
          C  1.00000  O  2.00000

  SPECIES BEING CONSIDERED IN THIS SYSTEM
 (CONDENSED PHASE MAY HAVE NAME LISTED SEVERAL TIMES)
  LAST thermo.inp UPDATE:    9/09/04

  g 3/98  *Ar              g 9/99  *CO2             g 8/89  H2O            
  tpis78  *N2              tpis89  *O2            

 O/F =   0.000000

                       EFFECTIVE FUEL     EFFECTIVE OXIDANT        MIXTURE
 ENTHALPY                  h(2)/R              h(1)/R               h0/R
 (KG-MOL)(K)/KG       -0.61210189E+01      0.00000000E+00     -0.61210189E+01

 KG-FORM.WT./KG             bi(2)               bi(1)               b0i
  H                    0.31822655E-02      0.00000000E+00      0.31822655E-02
  O                    0.18542415E-01      0.00000000E+00      0.18542415E-01
  N                    0.48067221E-01      0.00000000E+00      0.48067221E-01
  *Ar                  0.28679401E-03      0.00000000E+00      0.28679401E-03
  C                    0.12826027E-02      0.00000000E+00      0.12826027E-02

 POINT ITN      T            H           O           N           AR
                    C 
   1    9    1060.000     -20.099     -12.929     -11.469     -22.351
                 -48.256





           THEORETICAL ROCKET PERFORMANCE ASSUMING FROZEN COMPOSITION

 Pin =   165.3 PSIA
 CASE = va_fz3         

             REACTANT                       MOLES         ENERGY      TEMP
                                                         KJ/KG-MOL      K
 NAME        H2O                          0.0462711   -213322.166   1060.000
 NAME        N2                           0.6989119     23434.230   1060.000
 NAME        O2                           0.2091779     24808.925   1060.000
 NAME        Ar                           0.0083401     15836.024   1060.000
 NAME        CO2                          0.0372989   -356830.520   1060.000

 O/F=    0.00000  %FUEL=  0.000000  R,EQ.RATIO= 0.224153  PHI,EQ.RATIO= 0.000000

                 CHAMBER   THROAT     EXIT     EXIT     EXIT     EXIT
 Pinf/P            1.0000   1.8498   190.00   217.76   250.00   217.77
 P, BAR            11.400   6.1627  0.06000  0.05235  0.04560  0.05235
 T, K             1060.00   912.60   262.94   253.02   243.36   253.02
 RHO, KG/CU M    3.7615 0 2.3619 0 7.9811-2 7.2365-2 6.5537-2 7.2364-2
 H, KJ/KG         -50.893  -224.08  -925.28  -935.34  -945.14  -935.34
 U, KJ/KG         -353.96  -485.01 -1000.46 -1007.69 -1014.72 -1007.69
 G, KJ/KG        -8137.35 -7186.05 -2931.18 -2865.58 -2801.64 -2865.58
 S, KJ/(KG)(K)     7.6287   7.6287   7.6287   7.6287   7.6287   7.6287

 M, (1/n)          29.081   29.081   29.081   29.081   29.081   29.081
 Cp, KJ/(KG)(K)    1.1903   1.1589   1.0147   1.0138   1.0130   1.0138
 GAMMAs            1.3162   1.3275   1.3923   1.3928   1.3932   1.3928
 SON VEL,M/SEC      631.6    588.5    323.5    317.4    311.4    317.4
 MACH NUMBER        0.000    1.000    4.087    4.190    4.295    4.190

 PERFORMANCE PARAMETERS

 Ae/At                      1.0000   13.171   14.443   15.860   14.443
 CSTAR, M/SEC                820.1    820.1    820.1    820.1    820.1
 CF                         0.7176   1.6125   1.6217   1.6307   1.6217
 Ivac, M/SEC                1031.9   1379.3   1384.4   1389.4   1384.4
 Isp, M/SEC                  588.5   1322.4   1330.0   1337.3   1330.0

 MOLE FRACTIONS

 *Ar             0.00834   *CO2            0.03730   H2O             0.04627
 *N2             0.69891   *O2             0.20918

  * THERMODYNAMIC PROPERTIES FITTED TO 20000.K

    PRODUCTS WHICH WERE CONSIDERED BUT WHOSE MOLE FRACTIONS
    WERE LESS THAN 5.000000E-06 FOR ALL ASSIGNED CONDITIONS





  
 problem case=va_eq rocket equilibrium frozen nfz=1 p,bar=11.4
    pi/p=1.85,2.5,5,10,20,50,100,217.765 supar=14.443
 reac
   name=H2O moles=0.0462711  t,k=1060
   name=N2  moles=0.6989119  t,k=1060
   name=O2  moles=0.2091779  t,k=1060
   name=Ar  moles=0.008340143 t,k=1060
   name=CO2 moles=0.03729886 t,k=1060
 output siunits
 end

 OPTIONS: TP=F  HP=F  SP=F  TV=F  UV=F  SV=F  DETN=F  SHOCK=F  REFL=F  INCD=F
 RKT=T  FROZ=T  EQL=T  IONS=F  SIUNIT=T  DEBUGF=F  SHKDBG=F  DETDBG=F  TRNSPT=F

 TRACE= 0.00E+00  S/R= 0.000000E+00  H/R= 0.000000E+00  U/R= 0.000000E+00

 Pc,BAR =    11.400000

 Pc/P =     1.8500     2.5000     5.0000    10.0000    20.0000    50.0000   100.0000   217.7650

 SUBSONIC AREA RATIOS =

 SUPERSONIC AREA RATIOS =    14.4430

 NFZ=  1  Mdot/Ac= 0.000000E+00  Ac/At= 0.000000E+00

    REACTANT           MOLES    (ENERGY/R),K   TEMP,K  DENSITY
        EXPLODED FORMULA
 N: H2O              0.046271  -0.256566E+05  1060.00  0.0000
          H  2.00000  O  1.00000
 N: N2               0.698912   0.281847E+04  1060.00  0.0000
          N  2.00000
 N: O2               0.209178   0.298381E+04  1060.00  0.0000
          O  2.00000
 N: Ar               0.008340   0.190462E+04  1060.00  0.0000
          AR 1.00000
 N: CO2              0.037299  -0.429166E+05  1060.00  0.0000
          C  1.00000  O  2.00000

  SPECIES BEING CONSIDERED IN THIS SYSTEM
 (CONDENSED PHASE MAY HAVE NAME LISTED SEVERAL TIMES)
  LAST thermo.inp UPDATE:    9/09/04

  g 3/98  *Ar              g 7/97  *C               tpis79  *CH            
  g 4/02  CH2              g 4/02  CH3              g11/00  CH2OH          
  g 7/00  CH3O             g 8/99  CH4              g 7/00  CH3OH          
  srd 01  CH3OOH           g 8/99  *CN              g12/99  CNN            
  tpis79  *CO              g 9/99  *CO2             tpis91  COOH           
  tpis91  *C2              g 6/01  C2H              g 1/91  C2H2,acetylene 
  g 5/01  C2H2,vinylidene  g 4/02  CH2CO,ketene     g 3/02  O(CH)2O        
  srd 01  HO(CO)2OH        g 7/01  C2H3,vinyl       g 9/00  CH3CN          
  g 6/96  CH3CO,acetyl     g 1/00  C2H4             g 8/88  C2H4O,ethylen-o
  g 8/88  CH3CHO,ethanal   g 6/00  CH3COOH          srd 01  OHCH2COOH      
  g 7/00  C2H5             g 7/00  C2H6             g 8/88  CH3N2CH3       
  g 8/88  C2H5OH           g 7/00  CH3OCH3          srd 01  CH3O2CH3       
  g 7/00  CCN              tpis91  CNC              srd 01  OCCN           
  tpis79  C2N2             g 8/00  C2O              tpis79  *C3            
  n 4/98  C3H3,1-propynl   n 4/98  C3H3,2-propynl   g 2/00  C3H4,allene    
  g 1/00  C3H4,propyne     g 5/90  C3H4,cyclo-      g 3/01  C3H5,allyl     
  g 2/00  C3H6,propylene   g 1/00  C3H6,cyclo-      g 6/01  C3H6O,propylox 
  g 6/97  C3H6O,acetone    g 1/02  C3H6O,propanal   g 7/01  C3H7,n-propyl  
  g 9/85  C3H7,i-propyl    g 2/00  C3H8             g 2/00  C3H8O,1propanol
  g 2/00  C3H8O,2propanol  srd 01  CNCOCN           g 7/88  C3O2           
  g tpis  *C4              g 7/01  C4H2,butadiyne   g 8/00  C4H4,1,3-cyclo-
  n10/92  C4H6,butadiene   n10/93  C4H6,1butyne     n10/93  C4H6,2butyne   
  g 8/00  C4H6,cyclo-      n 4/88  C4H8,1-butene    n 4/88  C4H8,cis2-buten
  n 4/88  C4H8,tr2-butene  n 4/88  C4H8,isobutene   g 8/00  C4H8,cyclo-    
  g10/00  (CH3COOH)2       n10/84  C4H9,n-butyl     n10/84  C4H9,i-butyl   
  g 1/93  C4H9,s-butyl     g 1/93  C4H9,t-butyl     g12/00  C4H10,n-butane 
  g 8/00  C4H10,isobutane  g 6/01  C4N2             g 8/00  *C5            
  g 5/90  C5H6,1,3cyclo-   g 1/93  C5H8,cyclo-      n 4/87  C5H10,1-pentene
  g 2/01  C5H10,cyclo-     n10/84  C5H11,pentyl     g 1/93  C5H11,t-pentyl 
  n10/85  C5H12,n-pentane  n10/85  C5H12,i-pentane  n10/85  CH3C(CH3)2CH3  
  g 2/93  C6H2             g11/00  C6H5,phenyl      g 8/00  C6H5O,phenoxy  
  g 8/00  C6H6             g 8/00  C6H5OH,phenol    g 1/93  C6H10,cyclo-   
  n 4/87  C6H12,1-hexene   g 6/90  C6H12,cyclo-     n10/83  C6H13,n-hexyl  
  g 6/01  C6H14,n-hexane   g 7/01  C7H7,benzyl      g 1/93  C7H8           
  g12/00  C7H8O,cresol-mx  n 4/87  C7H14,1-heptene  n10/83  C7H15,n-heptyl 
  n10/85  C7H16,n-heptane  n10/85  C7H16,2-methylh  n 4/89  C8H8,styrene   
  n10/86  C8H10,ethylbenz  n 4/87  C8H16,1-octene   n10/83  C8H17,n-octyl  
  n 4/85  C8H18,n-octane   n 4/85  C8H18,isooctane  n10/83  C9H19,n-nonyl  
  g 3/01  C10H8,naphthale  n10/83  C10H21,n-decyl   g 8/00  C12H9,o-bipheny
  g 8/00  C12H10,biphenyl  g 6/97  *H               g 6/01  HCN            
  g 1/01  HCO              tpis89  HCCN             g 6/01  HCCO           
  g 6/01  HNC              g 7/00  HNCO             g10/01  HNO            
  tpis89  HNO2             g 5/99  HNO3             g 4/02  HO2            
  tpis78  *H2              g 5/01  HCHO,formaldehy  g 6/01  HCOOH          
  g 8/89  H2O              g 6/99  H2O2             g 6/01  (HCOOH)2       
  g 5/97  *N               g 6/01  NCO              g 4/99  *NH            
  g 3/01  NH2              tpis89  NH3              tpis89  NH2OH          
  tpis89  *NO              g 4/99  NO2              j12/64  NO3            
  tpis78  *N2              g 6/01  NCN              g 5/99  N2H2           
  tpis89  NH2NO2           g 4/99  N2H4             g 4/99  N2O            
  g 4/99  N2O3             tpis89  N2O4             g 4/99  N2O5           
  tpis89  N3               g 4/99  N3H              g 5/97  *O             
  g 4/02  *OH              tpis89  *O2              g 8/01  O3             
  n 4/83  C(gr)            n 4/83  C(gr)            n 4/83  C(gr)          
  g11/99  H2O(cr)          g 8/01  H2O(L)           g 8/01  H2O(L)         

 O/F =   0.000000

                       EFFECTIVE FUEL     EFFECTIVE OXIDANT        MIXTURE
 ENTHALPY                  h(2)/R              h(1)/R               h0/R
 (KG-MOL)(K)/KG       -0.61210189E+01      0.00000000E+00     -0.61210189E+01

 KG-FORM.WT./KG             bi(2)               bi(1)               b0i
  *H                   0.31822655E-02      0.00000000E+00      0.31822655E-02
  *O                   0.18542415E-01      0.00000000E+00      0.18542415E-01
  *N                   0.48067221E-01      0.00000000E+00      0.48067221E-01
  *Ar                  0.28679401E-03      0.00000000E+00      0.28679401E-03
  *C                   0.12826027E-02      0.00000000E+00      0.12826027E-02

 POINT ITN      T            H           O           N           AR
                    C 
   1   28    1059.848     -20.101     -12.929     -11.469     -22.351
                 -48.262
 Pinf/Pt = 1.841847
   2    3     913.554     -22.322     -13.033     -11.584     -22.703
                 -55.225
 Pinf/Pt = 1.849707
   2    2     912.595     -22.338     -13.034     -11.585     -22.705
                 -55.278
 Pinf/Pt = 1.849761
   2    1     912.588     -22.339     -13.034     -11.585     -22.705
                 -55.278
   3    1     912.559     -22.339     -13.034     -11.585     -22.705
                 -55.280
   4    3     846.818     -23.591     -13.090     -11.646     -22.883
                 -59.221
   5    3     710.121     -26.940     -13.232     -11.798     -23.305
                 -69.801
   6    3     592.273     -31.072     -13.396     -11.970     -23.754
                 -82.913
   7    3     491.599     -36.177     -13.591     -12.170     -24.239
                 -99.163
   8    3     382.120     -44.792     -13.909     -12.491     -24.960
                -126.650





              THEORETICAL ROCKET PERFORMANCE ASSUMING EQUILIBRIUM

           COMPOSITION DURING EXPANSION FROM INFINITE AREA COMBUSTOR

 Pin =   165.3 PSIA
 CASE = va_eq          

             REACTANT                       MOLES         ENERGY      TEMP
                                                         KJ/KG-MOL      K
 NAME        H2O                          0.0462711   -213322.166   1060.000
 NAME        N2                           0.6989119     23434.230   1060.000
 NAME        O2                           0.2091779     24808.925   1060.000
 NAME        Ar                           0.0083401     15836.024   1060.000
 NAME        CO2                          0.0372989   -356830.520   1060.000

 O/F=    0.00000  %FUEL=  0.000000  R,EQ.RATIO= 0.224153  PHI,EQ.RATIO= 0.000000

                 CHAMBER   THROAT     EXIT     EXIT     EXIT     EXIT     EXIT     EXIT
 Pinf/P            1.0000   1.8498   1.8500   2.5000   5.0000   10.000   20.000   50.000
 P, BAR            11.400   6.1630   6.1622   4.5600   2.2800   1.1400  0.57000  0.22800
 T, K             1059.85   912.59   912.56   846.82   710.12   592.27   491.60   382.12
 RHO, KG/CU M    3.7621 0 2.3620 0 2.3618 0 1.8834 0 1.1230 0 6.7321-1 4.0554-1 2.0869-1
 H, KJ/KG         -50.893  -224.06  -224.09  -299.80  -453.75  -582.50  -689.63  -803.53
 U, KJ/KG         -353.92  -484.98  -485.00  -541.91  -656.78  -751.84  -830.19  -912.78
 G, KJ/KG        -8136.21 -7185.97 -7185.78 -6759.96 -5871.08 -5100.81 -4439.92 -3718.63
 S, KJ/(KG)(K)     7.6288   7.6288   7.6288   7.6288   7.6288   7.6288   7.6288   7.6288

 M, (1/n)          29.081   29.081   29.081   29.081   29.081   29.081   29.081   29.081
 (dLV/dLP)t      -1.00000 -1.00000 -1.00000 -1.00000 -1.00000 -1.00000 -1.00000 -1.00000
 (dLV/dLT)p        1.0000   1.0000   1.0000   1.0000   1.0000   1.0000   1.0000   1.0000
 Cp, KJ/(KG)(K)    1.1920   1.1593   1.1593   1.1436   1.1083   1.0769   1.0519   1.0300
 GAMMAs            1.3155   1.3273   1.3273   1.3334   1.3476   1.3615   1.3733   1.3843
 SON VEL,M/SEC      631.4    588.5    588.5    568.2    523.1    480.2    439.3    388.9
 MACH NUMBER        0.000    1.000    1.000    1.242    1.716    2.147    2.573    3.155

 PERFORMANCE PARAMETERS

 Ae/At                     1.00000   1.0000   1.0461   1.3790   2.0025   3.0326   5.4290
 CSTAR, M/SEC                820.1    820.1    820.1    820.1    820.1    820.1    820.1
 CF                         0.7176   0.7176   0.8603   1.0945   1.2573   1.3782   1.4960
 Ivac, M/SEC                1031.9   1031.9   1048.7   1123.8   1195.4   1254.6   1315.9
 Isp, M/SEC                  588.5    588.6    705.6    897.6   1031.1   1130.3   1226.9


 MOLE FRACTIONS

 *Ar              0.00834  0.00834  0.00834  0.00834  0.00834  0.00834  0.00834  0.00834
 *CO2             0.03730  0.03730  0.03730  0.03730  0.03730  0.03730  0.03730  0.03730
 H2O              0.04627  0.04627  0.04627  0.04627  0.04627  0.04627  0.04627  0.04627
 *NO              0.00005  0.00001  0.00001  0.00000  0.00000  0.00000  0.00000  0.00000
 NO2              0.00001  0.00000  0.00000  0.00000  0.00000  0.00000  0.00000  0.00000
 *N2              0.69888  0.69891  0.69891  0.69891  0.69891  0.69891  0.69891  0.69891
 *O2              0.20914  0.20917  0.20917  0.20917  0.20918  0.20918  0.20918  0.20918

  * THERMODYNAMIC PROPERTIES FITTED TO 20000.K

    PRODUCTS WHICH WERE CONSIDERED BUT WHOSE MOLE FRACTIONS
    WERE LESS THAN 5.000000E-06 FOR ALL ASSIGNED CONDITIONS

 *C              *CH             CH2             CH3             CH2OH          
 CH3O            CH4             CH3OH           CH3OOH          *CN            
 CNN             *CO             COOH            *C2             C2H            
 C2H2,acetylene  C2H2,vinylidene CH2CO,ketene    O(CH)2O         HO(CO)2OH      
 C2H3,vinyl      CH3CN           CH3CO,acetyl    C2H4            C2H4O,ethylen-o
 CH3CHO,ethanal  CH3COOH         OHCH2COOH       C2H5            C2H6           
 CH3N2CH3        C2H5OH          CH3OCH3         CH3O2CH3        CCN            
 CNC             OCCN            C2N2            C2O             *C3            
 C3H3,1-propynl  C3H3,2-propynl  C3H4,allene     C3H4,propyne    C3H4,cyclo-    
 C3H5,allyl      C3H6,propylene  C3H6,cyclo-     C3H6O,propylox  C3H6O,acetone  
 C3H6O,propanal  C3H7,n-propyl   C3H7,i-propyl   C3H8            C3H8O,1propanol
 C3H8O,2propanol CNCOCN          C3O2            *C4             C4H2,butadiyne 
 C4H4,1,3-cyclo- C4H6,butadiene  C4H6,1butyne    C4H6,2butyne    C4H6,cyclo-    
 C4H8,1-butene   C4H8,cis2-buten C4H8,tr2-butene C4H8,isobutene  C4H8,cyclo-    
 (CH3COOH)2      C4H9,n-butyl    C4H9,i-butyl    C4H9,s-butyl    C4H9,t-butyl   
 C4H10,n-butane  C4H10,isobutane C4N2            *C5             C5H6,1,3cyclo- 
 C5H8,cyclo-     C5H10,1-pentene C5H10,cyclo-    C5H11,pentyl    C5H11,t-pentyl 
 C5H12,n-pentane C5H12,i-pentane CH3C(CH3)2CH3   C6H2            C6H5,phenyl    
 C6H5O,phenoxy   C6H6            C6H5OH,phenol   C6H10,cyclo-    C6H12,1-hexene 
 C6H12,cyclo-    C6H13,n-hexyl   C6H14,n-hexane  C7H7,benzyl     C7H8           
 C7H8O,cresol-mx C7H14,1-heptene C7H15,n-heptyl  C7H16,n-heptane C7H16,2-methylh
 C8H8,styrene    C8H10,ethylbenz C8H16,1-octene  C8H17,n-octyl   C8H18,n-octane 
 C8H18,isooctane C9H19,n-nonyl   C10H8,naphthale C10H21,n-decyl  C12H9,o-bipheny
 C12H10,biphenyl *H              HCN             HCO             HCCN           
 HCCO            HNC             HNCO            HNO             HNO2           
 HNO3            HO2             *H2             HCHO,formaldehy HCOOH          
 H2O2            (HCOOH)2        *N              NCO             *NH            
 NH2             NH3             NH2OH           NO3             NCN            
 N2H2            NH2NO2          N2H4            N2O             N2O3           
 N2O4            N2O5            N3              N3H             *O             
 *OH             O3              C(gr)           H2O(cr)         H2O(L)         





   3    3     314.925     -53.054     -14.207     -12.790     -25.586
                -153.048
   4    3     253.026     -64.560     -14.619     -13.202     -26.396
                -189.824
 ADD  H2O(cr)        
   4    2     261.178     -62.814     -14.608     -13.190     -26.378
                -183.981
   5    4     267.168     -61.375     -14.449     -13.031     -26.063
                -179.916
 REMOVE  H2O(cr)        
   5    2     276.722     -59.546     -14.440     -13.023     -26.049
                -173.797
   5    3     252.949     -64.578     -14.620     -13.202     -26.397
                -189.880
 ADD  H2O(cr)        
   5    2     261.158     -62.819     -14.608     -13.191     -26.379
                -183.995
   5    3     261.778     -62.666     -14.592     -13.174     -26.347
                -183.566





              THEORETICAL ROCKET PERFORMANCE ASSUMING EQUILIBRIUM

           COMPOSITION DURING EXPANSION FROM INFINITE AREA COMBUSTOR

 Pin =   165.3 PSIA
 CASE = va_eq          

             REACTANT                       MOLES         ENERGY      TEMP
                                                         KJ/KG-MOL      K
 NAME        H2O                          0.0462711   -213322.166   1060.000
 NAME        N2                           0.6989119     23434.230   1060.000
 NAME        O2                           0.2091779     24808.925   1060.000
 NAME        Ar                           0.0083401     15836.024   1060.000
 NAME        CO2                          0.0372989   -356830.520   1060.000

 O/F=    0.00000  %FUEL=  0.000000  R,EQ.RATIO= 0.224153  PHI,EQ.RATIO= 0.000000

                 CHAMBER   THROAT     EXIT     EXIT     EXIT
 Pinf/P            1.0000   1.8498   100.00   217.76   211.03
 P, BAR            11.400   6.1630  0.11400  0.05235  0.05402
 T, K             1059.85   912.59   314.93   261.18   261.78
 RHO, KG/CU M    3.7621 0 2.3620 0 1.2661-1 7.0442-2 7.2453-2
 H, KJ/KG         -50.893  -224.06  -872.40  -935.49  -933.15
 U, KJ/KG         -353.92  -484.98  -962.44 -1009.81 -1007.71
 G, KJ/KG        -8136.21 -7185.97 -3274.88 -2927.96 -2930.19
 S, KJ/(KG)(K)     7.6288   7.6288   7.6288   7.6288   7.6288

 M, (1/n)          29.081   29.081   29.081   29.221   29.192
 MW, MOL WT        29.081   29.081   29.081   29.081   29.081
 (dLV/dLP)t      -1.00000 -1.00000 -1.00000 -1.04349 -1.04453
 (dLV/dLT)p        1.0000   1.0000   1.0000   2.0236   2.0455
 Cp, KJ/(KG)(K)    1.1920   1.1593   1.0203   7.8699   8.0069
 GAMMAs            1.3155   1.3273   1.3893   1.1168   1.1165
 SON VEL,M/SEC      631.4    588.5    353.7    288.1    288.5
 MACH NUMBER        0.000    1.000    3.624    4.617    4.604

 PERFORMANCE PARAMETERS

 Ae/At                     1.00000   8.5653   14.836   14.443
 CSTAR, M/SEC                820.1    820.1    820.1    820.1
 CF                         0.7176   1.5629   1.6218   1.6197
 Ivac, M/SEC                1031.9   1352.0   1386.0   1384.5
 Isp, M/SEC                  588.5   1281.8   1330.1   1328.4


 MOLE FRACTIONS

 *Ar              0.00834  0.00834  0.00834  0.00834  0.00834
 *CO2             0.03730  0.03730  0.03730  0.03730  0.03730
 H2O              0.04627  0.04627  0.04627  0.04148  0.04247
 *NO              0.00005  0.00001  0.00000  0.00000  0.00000
 NO2              0.00001  0.00000  0.00000  0.00000  0.00000
 *N2              0.69888  0.69891  0.69891  0.69891  0.69891
 *O2              0.20914  0.20917  0.20918  0.20918  0.20918
 H2O(cr)          0.00000  0.00000  0.00000  0.00479  0.00381

  * THERMODYNAMIC PROPERTIES FITTED TO 20000.K

    PRODUCTS WHICH WERE CONSIDERED BUT WHOSE MOLE FRACTIONS
    WERE LESS THAN 5.000000E-06 FOR ALL ASSIGNED CONDITIONS

 *C              *CH             CH2             CH3             CH2OH          
 CH3O            CH4             CH3OH           CH3OOH          *CN            
 CNN             *CO             COOH            *C2             C2H            
 C2H2,acetylene  C2H2,vinylidene CH2CO,ketene    O(CH)2O         HO(CO)2OH      
 C2H3,vinyl      CH3CN           CH3CO,acetyl    C2H4            C2H4O,ethylen-o
 CH3CHO,ethanal  CH3COOH         OHCH2COOH       C2H5            C2H6           
 CH3N2CH3        C2H5OH          CH3OCH3         CH3O2CH3        CCN            
 CNC             OCCN            C2N2            C2O             *C3            
 C3H3,1-propynl  C3H3,2-propynl  C3H4,allene     C3H4,propyne    C3H4,cyclo-    
 C3H5,allyl      C3H6,propylene  C3H6,cyclo-     C3H6O,propylox  C3H6O,acetone  
 C3H6O,propanal  C3H7,n-propyl   C3H7,i-propyl   C3H8            C3H8O,1propanol
 C3H8O,2propanol CNCOCN          C3O2            *C4             C4H2,butadiyne 
 C4H4,1,3-cyclo- C4H6,butadiene  C4H6,1butyne    C4H6,2butyne    C4H6,cyclo-    
 C4H8,1-butene   C4H8,cis2-buten C4H8,tr2-butene C4H8,isobutene  C4H8,cyclo-    
 (CH3COOH)2      C4H9,n-butyl    C4H9,i-butyl    C4H9,s-butyl    C4H9,t-butyl   
 C4H10,n-butane  C4H10,isobutane C4N2            *C5             C5H6,1,3cyclo- 
 C5H8,cyclo-     C5H10,1-pentene C5H10,cyclo-    C5H11,pentyl    C5H11,t-pentyl 
 C5H12,n-pentane C5H12,i-pentane CH3C(CH3)2CH3   C6H2            C6H5,phenyl    
 C6H5O,phenoxy   C6H6            C6H5OH,phenol   C6H10,cyclo-    C6H12,1-hexene 
 C6H12,cyclo-    C6H13,n-hexyl   C6H14,n-hexane  C7H7,benzyl     C7H8           
 C7H8O,cresol-mx C7H14,1-heptene C7H15,n-heptyl  C7H16,n-heptane C7H16,2-methylh
 C8H8,styrene    C8H10,ethylbenz C8H16,1-octene  C8H17,n-octyl   C8H18,n-octane 
 C8H18,isooctane C9H19,n-nonyl   C10H8,naphthale C10H21,n-decyl  C12H9,o-bipheny
 C12H10,biphenyl *H              HCN             HCO             HCCN           
 HCCO            HNC             HNCO            HNO             HNO2           
 HNO3            HO2             *H2             HCHO,formaldehy HCOOH          
 H2O2            (HCOOH)2        *N              NCO             *NH            
 NH2             NH3             NH2OH           NO3             NCN            
 N2H2            NH2NO2          N2H4            N2O             N2O3           
 N2O4            N2O5            N3              N3H             *O             
 *OH             O3              C(gr)           H2O(L)         





           THEORETICAL ROCKET PERFORMANCE ASSUMING FROZEN COMPOSITION

 Pin =   165.3 PSIA
 CASE = va_eq          

             REACTANT                       MOLES         ENERGY      TEMP
                                                         KJ/KG-MOL      K
 NAME        H2O                          0.0462711   -213322.166   1060.000
 NAME        N2                           0.6989119     23434.230   1060.000
 NAME        O2                           0.2091779     24808.925   1060.000
 NAME        Ar                           0.0083401     15836.024   1060.000
 NAME        CO2                          0.0372989   -356830.520   1060.000

 O/F=    0.00000  %FUEL=  0.000000  R,EQ.RATIO= 0.224153  PHI,EQ.RATIO= 0.000000

                 CHAMBER   THROAT     EXIT     EXIT     EXIT     EXIT     EXIT     EXIT
 Pinf/P            1.0000   1.8499   1.8500   2.5000   5.0000   10.000   20.000   50.000
 P, BAR            11.400   6.1627   6.1622   4.5600   2.2800   1.1400  0.57000  0.22800
 T, K             1059.85   912.46   912.45   846.69   710.00   592.17   491.51   382.05
 RHO, KG/CU M    3.7621 0 2.3622 0 2.3621 0 1.8837 0 1.1232 0 6.7333-1 4.0561-1 2.0873-1
 H, KJ/KG         -50.893  -224.06  -224.08  -299.77  -453.70  -582.43  -689.54  -803.42
 U, KJ/KG         -353.92  -484.94  -484.96  -541.85  -656.70  -751.74  -830.07  -912.65
 G, KJ/KG        -8136.21 -7185.02 -7184.90 -6758.98 -5870.14 -5099.96 -4439.17 -3718.00
 S, KJ/(KG)(K)     7.6288   7.6288   7.6288   7.6288   7.6288   7.6288   7.6288   7.6288

 M, (1/n)          29.081   29.081   29.081   29.081   29.081   29.081   29.081   29.081
 MW, MOL WT        29.081   29.081   29.081   29.081   29.081   29.081   29.081   29.081
 Cp, KJ/(KG)(K)    1.1902   1.1588   1.1588   1.1434   1.1083   1.0769   1.0519   1.0300
 GAMMAs            1.3162   1.3275   1.3275   1.3334   1.3477   1.3615   1.3733   1.3843
 SON VEL,M/SEC      631.5    588.5    588.5    568.2    523.0    480.1    439.3    388.9
 MACH NUMBER        0.000    1.000    1.000    1.242    1.716    2.148    2.573    3.155

 PERFORMANCE PARAMETERS

 Ae/At                     1.00000   1.0000   1.0460   1.3790   2.0024   3.0326   5.4289
 CSTAR, M/SEC                820.0    820.0    820.0    820.0    820.0    820.0    820.0
 CF                         0.7176   0.7177   0.8603   1.0945   1.2573   1.3782   1.4960
 Ivac, M/SEC                1031.8   1031.8   1048.6   1123.7   1195.3   1254.5   1315.8
 Isp, M/SEC                  588.5    588.5    705.5    897.6   1031.1   1130.2   1226.8

 MOLE FRACTIONS

 *Ar             0.00834   *CO2            0.03730   H2O             0.04627
 *NO             0.00005   NO2             0.00001   *N2             0.69888
 *O2             0.20914

  * THERMODYNAMIC PROPERTIES FITTED TO 20000.K

    PRODUCTS WHICH WERE CONSIDERED BUT WHOSE MOLE FRACTIONS
    WERE LESS THAN 5.000000E-06 FOR ALL ASSIGNED CONDITIONS

 *C              *CH             CH2             CH3             CH2OH          
 CH3O            CH4             CH3OH           CH3OOH          *CN            
 CNN             *CO             COOH            *C2             C2H            
 C2H2,acetylene  C2H2,vinylidene CH2CO,ketene    O(CH)2O         HO(CO)2OH      
 C2H3,vinyl      CH3CN           CH3CO,acetyl    C2H4            C2H4O,ethylen-o
 CH3CHO,ethanal  CH3COOH         OHCH2COOH       C2H5            C2H6           
 CH3N2CH3        C2H5OH          CH3OCH3         CH3O2CH3        CCN            
 CNC             OCCN            C2N2            C2O             *C3            
 C3H3,1-propynl  C3H3,2-propynl  C3H4,allene     C3H4,propyne    C3H4,cyclo-    
 C3H5,allyl      C3H6,propylene  C3H6,cyclo-     C3H6O,propylox  C3H6O,acetone  
 C3H6O,propanal  C3H7,n-propyl   C3H7,i-propyl   C3H8            C3H8O,1propanol
 C3H8O,2propanol CNCOCN          C3O2            *C4             C4H2,butadiyne 
 C4H4,1,3-cyclo- C4H6,butadiene  C4H6,1butyne    C4H6,2butyne    C4H6,cyclo-    
 C4H8,1-butene   C4H8,cis2-buten C4H8,tr2-butene C4H8,isobutene  C4H8,cyclo-    
 (CH3COOH)2      C4H9,n-butyl    C4H9,i-butyl    C4H9,s-butyl    C4H9,t-butyl   
 C4H10,n-butane  C4H10,isobutane C4N2            *C5             C5H6,1,3cyclo- 
 C5H8,cyclo-     C5H10,1-pentene C5H10,cyclo-    C5H11,pentyl    C5H11,t-pentyl 
 C5H12,n-pentane C5H12,i-pentane CH3C(CH3)2CH3   C6H2            C6H5,phenyl    
 C6H5O,phenoxy   C6H6            C6H5OH,phenol   C6H10,cyclo-    C6H12,1-hexene 
 C6H12,cyclo-    C6H13,n-hexyl   C6H14,n-hexane  C7H7,benzyl     C7H8           
 C7H8O,cresol-mx C7H14,1-heptene C7H15,n-heptyl  C7H16,n-heptane C7H16,2-methylh
 C8H8,styrene    C8H10,ethylbenz C8H16,1-octene  C8H17,n-octyl   C8H18,n-octane 
 C8H18,isooctane C9H19,n-nonyl   C10H8,naphthale C10H21,n-decyl  C12H9,o-bipheny
 C12H10,biphenyl *H              HCN             HCO             HCCN           
 HCCO            HNC             HNCO            HNO             HNO2           
 HNO3            HO2             *H2             HCHO,formaldehy HCOOH          
 H2O2            (HCOOH)2        *N              NCO             *NH            
 NH2             NH3             NH2OH           NO3             NCN            
 N2H2            NH2NO2          N2H4            N2O             N2O3           
 N2O4            N2O5            N3              N3H             *O             
 *OH             O3              C(gr)           H2O(L)         





           THEORETICAL ROCKET PERFORMANCE ASSUMING FROZEN COMPOSITION

 Pin =   165.3 PSIA
 CASE = va_eq          

             REACTANT                       MOLES         ENERGY      TEMP
                                                         KJ/KG-MOL      K
 NAME        H2O                          0.0462711   -213322.166   1060.000
 NAME        N2                           0.6989119     23434.230   1060.000
 NAME        O2                           0.2091779     24808.925   1060.000
 NAME        Ar                           0.0083401     15836.024   1060.000
 NAME        CO2                          0.0372989   -356830.520   1060.000

 O/F=    0.00000  %FUEL=  0.000000  R,EQ.RATIO= 0.224153  PHI,EQ.RATIO= 0.000000

                 CHAMBER   THROAT     EXIT     EXIT     EXIT
 Pinf/P            1.0000   1.8499   100.00   217.76   217.77
 P, BAR            11.400   6.1627  0.11400  0.05235  0.05235
 T, K             1059.85   912.46   314.87   252.98   252.98
 RHO, KG/CU M    3.7621 0 2.3622 0 1.2663-1 7.2377-2 7.2375-2
 H, KJ/KG         -50.893  -224.06  -872.27  -935.21  -935.21
 U, KJ/KG         -353.92  -484.94  -962.30 -1007.54 -1007.54
 G, KJ/KG        -8136.21 -7185.02 -3274.33 -2865.13 -2865.12
 S, KJ/(KG)(K)     7.6288   7.6288   7.6288   7.6288   7.6288

 M, (1/n)          29.081   29.081   29.081   29.081   29.081
 MW, MOL WT        29.081   29.081   29.081   29.081   29.081
 Cp, KJ/(KG)(K)    1.1902   1.1588   1.0203   1.0138   1.0138
 GAMMAs            1.3162   1.3275   1.3893   1.3928   1.3928
 SON VEL,M/SEC      631.5    588.5    353.7    317.4    317.4
 MACH NUMBER        0.000    1.000    3.624    4.190    4.190

 PERFORMANCE PARAMETERS

 Ae/At                     1.00000   8.5652   14.443   14.443
 CSTAR, M/SEC                820.0    820.0    820.0    820.0
 CF                         0.7176   1.5630   1.6217   1.6217
 Ivac, M/SEC                1031.8   1351.9   1384.3   1384.3
 Isp, M/SEC                  588.5   1281.7   1329.9   1329.9

 MOLE FRACTIONS

 *Ar             0.00834   *CO2            0.03730   H2O             0.04627
 *NO             0.00005   NO2             0.00001   *N2             0.69888
 *O2             0.20914

  * THERMODYNAMIC PROPERTIES FITTED TO 20000.K

    PRODUCTS WHICH WERE CONSIDERED BUT WHOSE MOLE FRACTIONS
    WERE LESS THAN 5.000000E-06 FOR ALL ASSIGNED CONDITIONS

 *C              *CH             CH2             CH3             CH2OH          
 CH3O            CH4             CH3OH           CH3OOH          *CN            
 CNN             *CO             COOH            *C2             C2H            
 C2H2,acetylene  C2H2,vinylidene CH2CO,ketene    O(CH)2O         HO(CO)2OH      
 C2H3,vinyl      CH3CN           CH3CO,acetyl    C2H4            C2H4O,ethylen-o
 CH3CHO,ethanal  CH3COOH         OHCH2COOH       C2H5            C2H6           
 CH3N2CH3        C2H5OH          CH3OCH3         CH3O2CH3        CCN            
 CNC             OCCN            C2N2            C2O             *C3            
 C3H3,1-propynl  C3H3,2-propynl  C3H4,allene     C3H4,propyne    C3H4,cyclo-    
 C3H5,allyl      C3H6,propylene  C3H6,cyclo-     C3H6O,propylox  C3H6O,acetone  
 C3H6O,propanal  C3H7,n-propyl   C3H7,i-propyl   C3H8            C3H8O,1propanol
 C3H8O,2propanol CNCOCN          C3O2            *C4             C4H2,butadiyne 
 C4H4,1,3-cyclo- C4H6,butadiene  C4H6,1butyne    C4H6,2butyne    C4H6,cyclo-    
 C4H8,1-butene   C4H8,cis2-buten C4H8,tr2-butene C4H8,isobutene  C4H8,cyclo-    
 (CH3COOH)2      C4H9,n-butyl    C4H9,i-butyl    C4H9,s-butyl    C4H9,t-butyl   
 C4H10,n-butane  C4H10,isobutane C4N2            *C5             C5H6,1,3cyclo- 
 C5H8,cyclo-     C5H10,1-pentene C5H10,cyclo-    C5H11,pentyl    C5H11,t-pentyl 
 C5H12,n-pentane C5H12,i-pentane CH3C(CH3)2CH3   C6H2            C6H5,phenyl    
 C6H5O,phenoxy   C6H6            C6H5OH,phenol   C6H10,cyclo-    C6H12,1-hexene 
 C6H12,cyclo-    C6H13,n-hexyl   C6H14,n-hexane  C7H7,benzyl     C7H8           
 C7H8O,cresol-mx C7H14,1-heptene C7H15,n-heptyl  C7H16,n-heptane C7H16,2-methylh
 C8H8,styrene    C8H10,ethylbenz C8H16,1-octene  C8H17,n-octyl   C8H18,n-octane 
 C8H18,isooctane C9H19,n-nonyl   C10H8,naphthale C10H21,n-decyl  C12H9,o-bipheny
 C12H10,biphenyl *H              HCN             HCO             HCCN           
 HCCO            HNC             HNCO            HNO             HNO2           
 HNO3            HO2             *H2             HCHO,formaldehy HCOOH          
 H2O2            (HCOOH)2        *N              NCO             *NH            
 NH2             NH3             NH2OH           NO3             NCN            
 N2H2            NH2NO2          N2H4            N2O             N2O3           
 N2O4            N2O5            N3              N3H             *O             
 *OH             O3              C(gr)           H2O(L)         



