
 *******************************************************************************

         NASA-GLENN CHEMICAL EQUILIBRIUM PROGRAM CEA2, MAY 21, 2004
                   BY  BONNIE MCBRIDE AND SANFORD GORDON
      REFS: NASA RP-1311, PART I, 1994 AND NASA RP-1311, PART II, 1996

 *******************************************************************************



 # equilibrium expansion: locate H2O(cr) onset between Pc/P=100 and 217.765
 problem case=va_eq_onset rocket equilibrium p,bar=11.4
    pi/p=120,130,140,150,160,170,180,190,200,210,217.765,240,270,300
 reac
   name=H2O moles=0.0462711  t,k=1060
   name=N2  moles=0.6989119  t,k=1060
   name=O2  moles=0.2091779  t,k=1060
   name=Ar  moles=0.008340143 t,k=1060
   name=CO2 moles=0.03729886 t,k=1060
 output siunits
 end

 OPTIONS: TP=F  HP=F  SP=F  TV=F  UV=F  SV=F  DETN=F  SHOCK=F  REFL=F  INCD=F
 RKT=T  FROZ=F  EQL=T  IONS=F  SIUNIT=T  DEBUGF=F  SHKDBG=F  DETDBG=F  TRNSPT=F

 TRACE= 0.00E+00  S/R= 0.000000E+00  H/R= 0.000000E+00  U/R= 0.000000E+00

 Pc,BAR =    11.400000

 Pc/P =   120.0000   130.0000   140.0000   150.0000   160.0000   170.0000   180.0000   190.0000   200.0000

 Pc/P =   210.0000   217.7650   240.0000   270.0000   300.0000

 SUBSONIC AREA RATIOS =

 SUPERSONIC AREA RATIOS =

 NFZ=  1  Mdot/Ac= 0.000000E+00  Ac/At= 0.000000E+00

    REACTANT           MOLES    (ENERGY/R),K   TEMP,K  DENSITY
        EXPLODED FORMULA
 N: H2O              0.046271  -0.256566E+05  1060.00  0.0000
          H  2.00000  O  1.00000
 N: N2               0.698912   0.281847E+04  1060.00  0.0000
          N  2.00000
 N: O2               0.209178   0.298381E+04  1060.00  0.0000
          O  2.00000
 N: Ar               0.008340   0.190462E+04  1060.00  0.0000
          AR 1.00000
 N: CO2              0.037299  -0.429166E+05  1060.00  0.0000
          C  1.00000  O  2.00000

  SPECIES BEING CONSIDERED IN THIS SYSTEM
 (CONDENSED PHASE MAY HAVE NAME LISTED SEVERAL TIMES)
  LAST thermo.inp UPDATE:    9/09/04

  g 3/98  *Ar              g 7/97  *C               tpis79  *CH            
  g 4/02  CH2              g 4/02  CH3              g11/00  CH2OH          
  g 7/00  CH3O             g 8/99  CH4              g 7/00  CH3OH          
  srd 01  CH3OOH           g 8/99  *CN              g12/99  CNN            
  tpis79  *CO              g 9/99  *CO2             tpis91  COOH           
  tpis91  *C2              g 6/01  C2H              g 1/91  C2H2,acetylene 
  g 5/01  C2H2,vinylidene  g 4/02  CH2CO,ketene     g 3/02  O(CH)2O        
  srd 01  HO(CO)2OH        g 7/01  C2H3,vinyl       g 9/00  CH3CN          
  g 6/96  CH3CO,acetyl     g 1/00  C2H4             g 8/88  C2H4O,ethylen-o
  g 8/88  CH3CHO,ethanal   g 6/00  CH3COOH          srd 01  OHCH2COOH      
  g 7/00  C2H5             g 7/00  C2H6             g 8/88  CH3N2CH3       
  g 8/88  C2H5OH           g 7/00  CH3OCH3          srd 01  CH3O2CH3       
  g 7/00  CCN              tpis91  CNC              srd 01  OCCN           
  tpis79  C2N2             g 8/00  C2O              tpis79  *C3            
  n 4/98  C3H3,1-propynl   n 4/98  C3H3,2-propynl   g 2/00  C3H4,allene    
  g 1/00  C3H4,propyne     g 5/90  C3H4,cyclo-      g 3/01  C3H5,allyl     
  g 2/00  C3H6,propylene   g 1/00  C3H6,cyclo-      g 6/01  C3H6O,propylox 
  g 6/97  C3H6O,acetone    g 1/02  C3H6O,propanal   g 7/01  C3H7,n-propyl  
  g 9/85  C3H7,i-propyl    g 2/00  C3H8             g 2/00  C3H8O,1propanol
  g 2/00  C3H8O,2propanol  srd 01  CNCOCN           g 7/88  C3O2           
  g tpis  *C4              g 7/01  C4H2,butadiyne   g 8/00  C4H4,1,3-cyclo-
  n10/92  C4H6,butadiene   n10/93  C4H6,1butyne     n10/93  C4H6,2butyne   
  g 8/00  C4H6,cyclo-      n 4/88  C4H8,1-butene    n 4/88  C4H8,cis2-buten
  n 4/88  C4H8,tr2-butene  n 4/88  C4H8,isobutene   g 8/00  C4H8,cyclo-    
  g10/00  (CH3COOH)2       n10/84  C4H9,n-butyl     n10/84  C4H9,i-butyl   
  g 1/93  C4H9,s-butyl     g 1/93  C4H9,t-butyl     g12/00  C4H10,n-butane 
  g 8/00  C4H10,isobutane  g 6/01  C4N2             g 8/00  *C5            
  g 5/90  C5H6,1,3cyclo-   g 1/93  C5H8,cyclo-      n 4/87  C5H10,1-pentene
  g 2/01  C5H10,cyclo-     n10/84  C5H11,pentyl     g 1/93  C5H11,t-pentyl 
  n10/85  C5H12,n-pentane  n10/85  C5H12,i-pentane  n10/85  CH3C(CH3)2CH3  
  g 2/93  C6H2             g11/00  C6H5,phenyl      g 8/00  C6H5O,phenoxy  
  g 8/00  C6H6             g 8/00  C6H5OH,phenol    g 1/93  C6H10,cyclo-   
  n 4/87  C6H12,1-hexene   g 6/90  C6H12,cyclo-     n10/83  C6H13,n-hexyl  
  g 6/01  C6H14,n-hexane   g 7/01  C7H7,benzyl      g 1/93  C7H8           
  g12/00  C7H8O,cresol-mx  n 4/87  C7H14,1-heptene  n10/83  C7H15,n-heptyl 
  n10/85  C7H16,n-heptane  n10/85  C7H16,2-methylh  n 4/89  C8H8,styrene   
  n10/86  C8H10,ethylbenz  n 4/87  C8H16,1-octene   n10/83  C8H17,n-octyl  
  n 4/85  C8H18,n-octane   n 4/85  C8H18,isooctane  n10/83  C9H19,n-nonyl  
  g 3/01  C10H8,naphthale  n10/83  C10H21,n-decyl   g 8/00  C12H9,o-bipheny
  g 8/00  C12H10,biphenyl  g 6/97  *H               g 6/01  HCN            
  g 1/01  HCO              tpis89  HCCN             g 6/01  HCCO           
  g 6/01  HNC              g 7/00  HNCO             g10/01  HNO            
  tpis89  HNO2             g 5/99  HNO3             g 4/02  HO2            
  tpis78  *H2              g 5/01  HCHO,formaldehy  g 6/01  HCOOH          
  g 8/89  H2O              g 6/99  H2O2             g 6/01  (HCOOH)2       
  g 5/97  *N               g 6/01  NCO              g 4/99  *NH            
  g 3/01  NH2              tpis89  NH3              tpis89  NH2OH          
  tpis89  *NO              g 4/99  NO2              j12/64  NO3            
  tpis78  *N2              g 6/01  NCN              g 5/99  N2H2           
  tpis89  NH2NO2           g 4/99  N2H4             g 4/99  N2O            
  g 4/99  N2O3             tpis89  N2O4             g 4/99  N2O5           
  tpis89  N3               g 4/99  N3H              g 5/97  *O             
  g 4/02  *OH              tpis89  *O2              g 8/01  O3             
  n 4/83  C(gr)            n 4/83  C(gr)            n 4/83  C(gr)          
  g11/99  H2O(cr)          g 8/01  H2O(L)           g 8/01  H2O(L)         

 O/F =   0.000000

                       EFFECTIVE FUEL     EFFECTIVE OXIDANT        MIXTURE
 ENTHALPY                  h(2)/R              h(1)/R               h0/R
 (KG-MOL)(K)/KG       -0.61210189E+01      0.00000000E+00     -0.61210189E+01

 KG-FORM.WT./KG             bi(2)               bi(1)               b0i
  *H                   0.31822655E-02      0.00000000E+00      0.31822655E-02
  *O                   0.18542415E-01      0.00000000E+00      0.18542415E-01
  *N                   0.48067221E-01      0.00000000E+00      0.48067221E-01
  *Ar                  0.28679401E-03      0.00000000E+00      0.28679401E-03
  *C                   0.12826027E-02      0.00000000E+00      0.12826027E-02

 POINT ITN      T            H           O           N           AR
                    C 
   1   28    1059.848     -20.101     -12.929     -11.469     -22.351
                 -48.262
 Pinf/Pt = 1.841847
   2    3     913.554     -22.322     -13.033     -11.584     -22.703
                 -55.225
 Pinf/Pt = 1.849707
   2    2     912.595     -22.338     -13.034     -11.585     -22.705
                 -55.278
 Pinf/Pt = 1.849761
   2    1     912.588     -22.339     -13.034     -11.585     -22.705
                 -55.278
   3    5     299.225     -55.521     -14.296     -12.879     -25.764
                -160.932
   4    2     292.574     -56.646     -14.336     -12.919     -25.845
                -164.528
   5    2     286.543     -57.712     -14.375     -12.957     -25.920
                -167.933
   6    2     281.038     -58.724     -14.411     -12.993     -25.992
                -171.169
   7    2     275.981     -59.690     -14.445     -13.028     -26.060
                -174.256
   8    2     271.311     -60.614     -14.478     -13.061     -26.124
                -177.209





              THEORETICAL ROCKET PERFORMANCE ASSUMING EQUILIBRIUM

           COMPOSITION DURING EXPANSION FROM INFINITE AREA COMBUSTOR

 Pin =   165.3 PSIA
 CASE = va_eq_onset    

             REACTANT                       MOLES         ENERGY      TEMP
                                                         KJ/KG-MOL      K
 NAME        H2O                          0.0462711   -213322.166   1060.000
 NAME        N2                           0.6989119     23434.230   1060.000
 NAME        O2                           0.2091779     24808.925   1060.000
 NAME        Ar                           0.0083401     15836.024   1060.000
 NAME        CO2                          0.0372989   -356830.520   1060.000

 O/F=    0.00000  %FUEL=  0.000000  R,EQ.RATIO= 0.224153  PHI,EQ.RATIO= 0.000000

                 CHAMBER   THROAT     EXIT     EXIT     EXIT     EXIT     EXIT     EXIT
 Pinf/P            1.0000   1.8498   120.00   130.00   140.00   150.00   160.00   170.00
 P, BAR            11.400   6.1630  0.09500  0.08769  0.08143  0.07600  0.07125  0.06706
 T, K             1059.85   912.59   299.22   292.57   286.54   281.04   275.98   271.31
 RHO, KG/CU M    3.7621 0 2.3620 0 1.1104-1 1.0483-1 9.9392-2 9.4584-2 9.0297-2 8.6448-2
 H, KJ/KG         -50.893  -224.06  -888.40  -895.17  -901.31  -906.90  -912.04  -916.79
 U, KJ/KG         -353.92  -484.98  -973.95  -978.82  -983.23  -987.26  -990.95  -994.36
 G, KJ/KG        -8136.21 -7185.97 -3171.11 -3127.14 -3087.28 -3050.87 -3017.43 -2986.55
 S, KJ/(KG)(K)     7.6288   7.6288   7.6288   7.6288   7.6288   7.6288   7.6288   7.6288

 M, (1/n)          29.081   29.081   29.081   29.081   29.081   29.081   29.081   29.081
 (dLV/dLP)t      -1.00000 -1.00000 -1.00000 -1.00000 -1.00000 -1.00000 -1.00000 -1.00000
 (dLV/dLT)p        1.0000   1.0000   1.0000   1.0000   1.0000   1.0000   1.0000   1.0000
 Cp, KJ/(KG)(K)    1.1920   1.1593   1.0184   1.0177   1.0171   1.0165   1.0160   1.0155
 GAMMAs            1.3155   1.3273   1.3903   1.3907   1.3910   1.3914   1.3916   1.3919
 SON VEL,M/SEC      631.4    588.5    344.9    341.1    337.6    334.4    331.4    328.6
 MACH NUMBER        0.000    1.000    3.753    3.810    3.863    3.913    3.960    4.005

 PERFORMANCE PARAMETERS

 Ae/At                     1.00000   9.6722   10.204   10.724   11.232   11.730   12.219
 CSTAR, M/SEC                820.1    820.1    820.1    820.1    820.1    820.1    820.1
 CF                         0.7176   1.5781   1.5845   1.5902   1.5954   1.6002   1.6046
 Ivac, M/SEC                1031.9   1360.3   1363.8   1367.0   1369.9   1372.5   1374.9
 Isp, M/SEC                  588.5   1294.2   1299.4   1304.2   1308.4   1312.4   1316.0


 MOLE FRACTIONS

 *Ar              0.00834  0.00834  0.00834  0.00834  0.00834  0.00834  0.00834  0.00834
 *CO2             0.03730  0.03730  0.03730  0.03730  0.03730  0.03730  0.03730  0.03730
 H2O              0.04627  0.04627  0.04627  0.04627  0.04627  0.04627  0.04627  0.04627
 *NO              0.00005  0.00001  0.00000  0.00000  0.00000  0.00000  0.00000  0.00000
 NO2              0.00001  0.00000  0.00000  0.00000  0.00000  0.00000  0.00000  0.00000
 *N2              0.69888  0.69891  0.69891  0.69891  0.69891  0.69891  0.69891  0.69891
 *O2              0.20914  0.20917  0.20918  0.20918  0.20918  0.20918  0.20918  0.20918

  * THERMODYNAMIC PROPERTIES FITTED TO 20000.K

    PRODUCTS WHICH WERE CONSIDERED BUT WHOSE MOLE FRACTIONS
    WERE LESS THAN 5.000000E-06 FOR ALL ASSIGNED CONDITIONS

 *C              *CH             CH2             CH3             CH2OH          
 CH3O            CH4             CH3OH           CH3OOH          *CN            
 CNN             *CO             COOH            *C2             C2H            
 C2H2,acetylene  C2H2,vinylidene CH2CO,ketene    O(CH)2O         HO(CO)2OH      
 C2H3,vinyl      CH3CN           CH3CO,acetyl    C2H4            C2H4O,ethylen-o
 CH3CHO,ethanal  CH3COOH         OHCH2COOH       C2H5            C2H6           
 CH3N2CH3        C2H5OH          CH3OCH3         CH3O2CH3        CCN            
 CNC             OCCN            C2N2            C2O             *C3            
 C3H3,1-propynl  C3H3,2-propynl  C3H4,allene     C3H4,propyne    C3H4,cyclo-    
 C3H5,allyl      C3H6,propylene  C3H6,cyclo-     C3H6O,propylox  C3H6O,acetone  
 C3H6O,propanal  C3H7,n-propyl   C3H7,i-propyl   C3H8            C3H8O,1propanol
 C3H8O,2propanol CNCOCN          C3O2            *C4             C4H2,butadiyne 
 C4H4,1,3-cyclo- C4H6,butadiene  C4H6,1butyne    C4H6,2butyne    C4H6,cyclo-    
 C4H8,1-butene   C4H8,cis2-buten C4H8,tr2-butene C4H8,isobutene  C4H8,cyclo-    
 (CH3COOH)2      C4H9,n-butyl    C4H9,i-butyl    C4H9,s-butyl    C4H9,t-butyl   
 C4H10,n-butane  C4H10,isobutane C4N2            *C5             C5H6,1,3cyclo- 
 C5H8,cyclo-     C5H10,1-pentene C5H10,cyclo-    C5H11,pentyl    C5H11,t-pentyl 
 C5H12,n-pentane C5H12,i-pentane CH3C(CH3)2CH3   C6H2            C6H5,phenyl    
 C6H5O,phenoxy   C6H6            C6H5OH,phenol   C6H10,cyclo-    C6H12,1-hexene 
 C6H12,cyclo-    C6H13,n-hexyl   C6H14,n-hexane  C7H7,benzyl     C7H8           
 C7H8O,cresol-mx C7H14,1-heptene C7H15,n-heptyl  C7H16,n-heptane C7H16,2-methylh
 C8H8,styrene    C8H10,ethylbenz C8H16,1-octene  C8H17,n-octyl   C8H18,n-octane 
 C8H18,isooctane C9H19,n-nonyl   C10H8,naphthale C10H21,n-decyl  C12H9,o-bipheny
 C12H10,biphenyl *H              HCN             HCO             HCCN           
 HCCO            HNC             HNCO            HNO             HNO2           
 HNO3            HO2             *H2             HCHO,formaldehy HCOOH          
 H2O2            (HCOOH)2        *N              NCO             *NH            
 NH2             NH3             NH2OH           NO3             NCN            
 N2H2            NH2NO2          N2H4            N2O             N2O3           
 N2O4            N2O5            N3              N3H             *O             
 *OH             O3              C(gr)           H2O(cr)         H2O(L)         





   3    2     266.979     -61.500     -14.510     -13.092     -26.186
                -180.041
   4    2     262.944     -62.351     -14.540     -13.123     -26.244
                -182.764
 ADD  H2O(cr)        
   4    1     263.768     -62.183     -14.539     -13.122     -26.243
                -182.201
   5    3     262.798     -62.418     -14.565     -13.148     -26.294
                -182.864
   6    3     261.871     -62.644     -14.590     -13.172     -26.342
                -183.501
   7    3     261.178     -62.814     -14.608     -13.190     -26.378
                -183.981
   8    3     259.310     -63.277     -14.657     -13.239     -26.475
                -185.287





              THEORETICAL ROCKET PERFORMANCE ASSUMING EQUILIBRIUM

           COMPOSITION DURING EXPANSION FROM INFINITE AREA COMBUSTOR

 Pin =   165.3 PSIA
 CASE = va_eq_onset    

             REACTANT                       MOLES         ENERGY      TEMP
                                                         KJ/KG-MOL      K
 NAME        H2O                          0.0462711   -213322.166   1060.000
 NAME        N2                           0.6989119     23434.230   1060.000
 NAME        O2                           0.2091779     24808.925   1060.000
 NAME        Ar                           0.0083401     15836.024   1060.000
 NAME        CO2                          0.0372989   -356830.520   1060.000

 O/F=    0.00000  %FUEL=  0.000000  R,EQ.RATIO= 0.224153  PHI,EQ.RATIO= 0.000000

                 CHAMBER   THROAT     EXIT     EXIT     EXIT     EXIT     EXIT     EXIT
 Pinf/P            1.0000   1.8498   180.00   190.00   200.00   210.00   217.76   240.00
 P, BAR            11.400   6.1630  0.06333  0.06000  0.05700  0.05429  0.05235  0.04750
 T, K             1059.85   912.59   266.98   263.77   262.80   261.87   261.18   259.31
 RHO, KG/CU M    3.7621 0 2.3620 0 8.2970-2 7.9598-2 7.6022-2 7.2770-2 7.0442-2 6.4572-2
 H, KJ/KG         -50.893  -224.06  -921.18  -925.28  -929.14  -932.79  -935.49  -942.68
 U, KJ/KG         -353.92  -484.98  -997.52 -1000.66 -1004.12 -1007.39 -1009.81 -1016.24
 G, KJ/KG        -8136.21 -7185.97 -2957.90 -2937.50 -2933.96 -2930.54 -2927.96 -2920.89
 S, KJ/(KG)(K)     7.6288   7.6288   7.6288   7.6288   7.6288   7.6288   7.6288   7.6288

 M, (1/n)          29.081   29.081   29.081   29.094   29.142   29.187   29.221   29.309
 MW, MOL WT        29.081   29.081   29.081   29.081   29.081   29.081   29.081   29.081
 (dLV/dLP)t      -1.00000 -1.00000 -1.00000 -1.04802 -1.04630 -1.04469 -1.04349 -1.04034
 (dLV/dLT)p        1.0000   1.0000   1.0000   2.1188   2.0829   2.0489   2.0236   1.9562
 Cp, KJ/(KG)(K)    1.1920   1.1593   1.0151   8.4645   8.2409   8.0282   7.8699   7.4461
 GAMMAs            1.3155   1.3273   1.3921   1.1155   1.1159   1.1164   1.1168   1.1179
 SON VEL,M/SEC      631.4    588.5    326.0    290.0    289.3    288.6    288.1    286.8
 MACH NUMBER        0.000    1.000    4.047    4.560    4.582    4.602    4.617    4.657

 PERFORMANCE PARAMETERS

 Ae/At                     1.00000   12.699   13.206   13.796   14.383   14.836   16.119
 CSTAR, M/SEC                820.1    820.1    820.1    820.1    820.1    820.1    820.1
 CF                         0.7176   1.6087   1.6125   1.6160   1.6194   1.6218   1.6284
 Ivac, M/SEC                1031.9   1377.2   1379.4   1381.9   1384.2   1386.0   1390.6
 Isp, M/SEC                  588.5   1319.3   1322.4   1325.3   1328.1   1330.1   1335.5


 MOLE FRACTIONS

 *Ar              0.00834  0.00834  0.00834  0.00834  0.00834  0.00834  0.00834  0.00834
 *CO2             0.03730  0.03730  0.03730  0.03730  0.03730  0.03730  0.03730  0.03730
 H2O              0.04627  0.04627  0.04627  0.04579  0.04416  0.04262  0.04148  0.03847
 *NO              0.00005  0.00001  0.00000  0.00000  0.00000  0.00000  0.00000  0.00000
 NO2              0.00001  0.00000  0.00000  0.00000  0.00000  0.00000  0.00000  0.00000
 *N2              0.69888  0.69891  0.69891  0.69891  0.69891  0.69891  0.69891  0.69891
 *O2              0.20914  0.20917  0.20918  0.20918  0.20918  0.20918  0.20918  0.20918
 H2O(cr)          0.00000  0.00000  0.00000  0.00048  0.00211  0.00365  0.00479  0.00780

  * THERMODYNAMIC PROPERTIES FITTED TO 20000.K

    PRODUCTS WHICH WERE CONSIDERED BUT WHOSE MOLE FRACTIONS
    WERE LESS THAN 5.000000E-06 FOR ALL ASSIGNED CONDITIONS

 *C              *CH             CH2             CH3             CH2OH          
 CH3O            CH4             CH3OH           CH3OOH          *CN            
 CNN             *CO             COOH            *C2             C2H            
 C2H2,acetylene  C2H2,vinylidene CH2CO,ketene    O(CH)2O         HO(CO)2OH      
 C2H3,vinyl      CH3CN           CH3CO,acetyl    C2H4            C2H4O,ethylen-o
 CH3CHO,ethanal  CH3COOH         OHCH2COOH       C2H5            C2H6           
 CH3N2CH3        C2H5OH          CH3OCH3         CH3O2CH3        CCN            
 CNC             OCCN            C2N2            C2O             *C3            
 C3H3,1-propynl  C3H3,2-propynl  C3H4,allene     C3H4,propyne    C3H4,cyclo-    
 C3H5,allyl      C3H6,propylene  C3H6,cyclo-     C3H6O,propylox  C3H6O,acetone  
 C3H6O,propanal  C3H7,n-propyl   C3H7,i-propyl   C3H8            C3H8O,1propanol
 C3H8O,2propanol CNCOCN          C3O2            *C4             C4H2,butadiyne 
 C4H4,1,3-cyclo- C4H6,butadiene  C4H6,1butyne    C4H6,2butyne    C4H6,cyclo-    
 C4H8,1-butene   C4H8,cis2-buten C4H8,tr2-butene C4H8,isobutene  C4H8,cyclo-    
 (CH3COOH)2      C4H9,n-butyl    C4H9,i-butyl    C4H9,s-butyl    C4H9,t-butyl   
 C4H10,n-butane  C4H10,isobutane C4N2            *C5             C5H6,1,3cyclo- 
 C5H8,cyclo-     C5H10,1-pentene C5H10,cyclo-    C5H11,pentyl    C5H11,t-pentyl 
 C5H12,n-pentane C5H12,i-pentane CH3C(CH3)2CH3   C6H2            C6H5,phenyl    
 C6H5O,phenoxy   C6H6            C6H5OH,phenol   C6H10,cyclo-    C6H12,1-hexene 
 C6H12,cyclo-    C6H13,n-hexyl   C6H14,n-hexane  C7H7,benzyl     C7H8           
 C7H8O,cresol-mx C7H14,1-heptene C7H15,n-heptyl  C7H16,n-heptane C7H16,2-methylh
 C8H8,styrene    C8H10,ethylbenz C8H16,1-octene  C8H17,n-octyl   C8H18,n-octane 
 C8H18,isooctane C9H19,n-nonyl   C10H8,naphthale C10H21,n-decyl  C12H9,o-bipheny
 C12H10,biphenyl *H              HCN             HCO             HCCN           
 HCCO            HNC             HNCO            HNO             HNO2           
 HNO3            HO2             *H2             HCHO,formaldehy HCOOH          
 H2O2            (HCOOH)2        *N              NCO             *NH            
 NH2             NH3             NH2OH           NO3             NCN            
 N2H2            NH2NO2          N2H4            N2O             N2O3           
 N2O4            N2O5            N3              N3H             *O             
 *OH             O3              C(gr)           H2O(L)         





   3    3     257.016     -63.857     -14.716     -13.299     -26.593
                -186.918
   4    3     254.927     -64.394     -14.770     -13.352     -26.698
                -188.428





              THEORETICAL ROCKET PERFORMANCE ASSUMING EQUILIBRIUM

           COMPOSITION DURING EXPANSION FROM INFINITE AREA COMBUSTOR

 Pin =   165.3 PSIA
 CASE = va_eq_onset    

             REACTANT                       MOLES         ENERGY      TEMP
                                                         KJ/KG-MOL      K
 NAME        H2O                          0.0462711   -213322.166   1060.000
 NAME        N2                           0.6989119     23434.230   1060.000
 NAME        O2                           0.2091779     24808.925   1060.000
 NAME        Ar                           0.0083401     15836.024   1060.000
 NAME        CO2                          0.0372989   -356830.520   1060.000

 O/F=    0.00000  %FUEL=  0.000000  R,EQ.RATIO= 0.224153  PHI,EQ.RATIO= 0.000000

                 CHAMBER   THROAT     EXIT     EXIT
 Pinf/P            1.0000   1.8498   270.00   300.00
 P, BAR            11.400   6.1630  0.04222  0.03800
 T, K             1059.85   912.59   257.02   254.93
 RHO, KG/CU M    3.7621 0 2.3620 0 5.8119-2 5.2903-2
 H, KJ/KG         -50.893  -224.06  -951.29  -958.90
 U, KJ/KG         -353.92  -484.98 -1023.94 -1030.73
 G, KJ/KG        -8136.21 -7185.97 -2912.00 -2903.68
 S, KJ/(KG)(K)     7.6288   7.6288   7.6288   7.6288

 M, (1/n)          29.081   29.081   29.415   29.508
 MW, MOL WT        29.081   29.081   29.081   29.081
 (dLV/dLP)t      -1.00000 -1.00000 -1.03659 -1.03331
 (dLV/dLT)p        1.0000   1.0000   1.8753   1.8035
 Cp, KJ/(KG)(K)    1.1920   1.1593   6.9333   6.4758
 GAMMAs            1.3155   1.3273   1.1195   1.1213
 SON VEL,M/SEC      631.4    588.5    285.2    283.8
 MACH NUMBER        0.000    1.000    4.705    4.748

 PERFORMANCE PARAMETERS

 Ae/At                     1.00000   17.823   19.498
 CSTAR, M/SEC                820.1    820.1    820.1
 CF                         0.7176   1.6363   1.6432
 Ivac, M/SEC                1031.9   1396.1   1400.9
 Isp, M/SEC                  588.5   1341.9   1347.6


 MOLE FRACTIONS

 *Ar              0.00834  0.00834  0.00834  0.00834
 *CO2             0.03730  0.03730  0.03730  0.03730
 H2O              0.04627  0.04627  0.03490  0.03177
 *NO              0.00005  0.00001  0.00000  0.00000
 NO2              0.00001  0.00000  0.00000  0.00000
 *N2              0.69888  0.69891  0.69891  0.69891
 *O2              0.20914  0.20917  0.20918  0.20918
 H2O(cr)          0.00000  0.00000  0.01138  0.01450

  * THERMODYNAMIC PROPERTIES FITTED TO 20000.K

    PRODUCTS WHICH WERE CONSIDERED BUT WHOSE MOLE FRACTIONS
    WERE LESS THAN 5.000000E-06 FOR ALL ASSIGNED CONDITIONS

 *C              *CH             CH2             CH3             CH2OH          
 CH3O            CH4             CH3OH           CH3OOH          *CN            
 CNN             *CO             COOH            *C2             C2H            
 C2H2,acetylene  C2H2,vinylidene CH2CO,ketene    O(CH)2O         HO(CO)2OH      
 C2H3,vinyl      CH3CN           CH3CO,acetyl    C2H4            C2H4O,ethylen-o
 CH3CHO,ethanal  CH3COOH         OHCH2COOH       C2H5            C2H6           
 CH3N2CH3        C2H5OH          CH3OCH3         CH3O2CH3        CCN            
 CNC             OCCN            C2N2            C2O             *C3            
 C3H3,1-propynl  C3H3,2-propynl  C3H4,allene     C3H4,propyne    C3H4,cyclo-    
 C3H5,allyl      C3H6,propylene  C3H6,cyclo-     C3H6O,propylox  C3H6O,acetone  
 C3H6O,propanal  C3H7,n-propyl   C3H7,i-propyl   C3H8            C3H8O,1propanol
 C3H8O,2propanol CNCOCN          C3O2            *C4             C4H2,butadiyne 
 C4H4,1,3-cyclo- C4H6,butadiene  C4H6,1butyne    C4H6,2butyne    C4H6,cyclo-    
 C4H8,1-butene   C4H8,cis2-buten C4H8,tr2-butene C4H8,isobutene  C4H8,cyclo-    
 (CH3COOH)2      C4H9,n-butyl    C4H9,i-butyl    C4H9,s-butyl    C4H9,t-butyl   
 C4H10,n-butane  C4H10,isobutane C4N2            *C5             C5H6,1,3cyclo- 
 C5H8,cyclo-     C5H10,1-pentene C5H10,cyclo-    C5H11,pentyl    C5H11,t-pentyl 
 C5H12,n-pentane C5H12,i-pentane CH3C(CH3)2CH3   C6H2            C6H5,phenyl    
 C6H5O,phenoxy   C6H6            C6H5OH,phenol   C6H10,cyclo-    C6H12,1-hexene 
 C6H12,cyclo-    C6H13,n-hexyl   C6H14,n-hexane  C7H7,benzyl     C7H8           
 C7H8O,cresol-mx C7H14,1-heptene C7H15,n-heptyl  C7H16,n-heptane C7H16,2-methylh
 C8H8,styrene    C8H10,ethylbenz C8H16,1-octene  C8H17,n-octyl   C8H18,n-octane 
 C8H18,isooctane C9H19,n-nonyl   C10H8,naphthale C10H21,n-decyl  C12H9,o-bipheny
 C12H10,biphenyl *H              HCN             HCO             HCCN           
 HCCO            HNC             HNCO            HNO             HNO2           
 HNO3            HO2             *H2             HCHO,formaldehy HCOOH          
 H2O2            (HCOOH)2        *N              NCO             *NH            
 NH2             NH3             NH2OH           NO3             NCN            
 N2H2            NH2NO2          N2H4            N2O             N2O3           
 N2O4            N2O5            N3              N3H             *O             
 *OH             O3              C(gr)           H2O(L)         



